Archive member included to satisfy reference by file (symbol)

c:/st/stm32cubeide_1.10.1/stm32cubeide/plugins/com.st.stm32cube.ide.mcu.externaltools.gnu-tools-for-stm32.10.3-2021.10.win32_1.0.0.202111181127/tools/bin/../lib/gcc/arm-none-eabi/10.3.1/../../../../arm-none-eabi/lib/thumb/v7e-m+fp/hard\libc_nano.a(lib_a-errno.o)
                              ./Core/Src/syscalls.o (__errno)
c:/st/stm32cubeide_1.10.1/stm32cubeide/plugins/com.st.stm32cube.ide.mcu.externaltools.gnu-tools-for-stm32.10.3-2021.10.win32_1.0.0.202111181127/tools/bin/../lib/gcc/arm-none-eabi/10.3.1/../../../../arm-none-eabi/lib/thumb/v7e-m+fp/hard\libc_nano.a(lib_a-exit.o)
                              c:/st/stm32cubeide_1.10.1/stm32cubeide/plugins/com.st.stm32cube.ide.mcu.externaltools.gnu-tools-for-stm32.10.3-2021.10.win32_1.0.0.202111181127/tools/bin/../lib/gcc/arm-none-eabi/10.3.1/../../../../arm-none-eabi/lib/thumb/v7e-m+fp/hard/crt0.o (exit)
c:/st/stm32cubeide_1.10.1/stm32cubeide/plugins/com.st.stm32cube.ide.mcu.externaltools.gnu-tools-for-stm32.10.3-2021.10.win32_1.0.0.202111181127/tools/bin/../lib/gcc/arm-none-eabi/10.3.1/../../../../arm-none-eabi/lib/thumb/v7e-m+fp/hard\libc_nano.a(lib_a-impure.o)
                              c:/st/stm32cubeide_1.10.1/stm32cubeide/plugins/com.st.stm32cube.ide.mcu.externaltools.gnu-tools-for-stm32.10.3-2021.10.win32_1.0.0.202111181127/tools/bin/../lib/gcc/arm-none-eabi/10.3.1/../../../../arm-none-eabi/lib/thumb/v7e-m+fp/hard\libc_nano.a(lib_a-exit.o) (_global_impure_ptr)
c:/st/stm32cubeide_1.10.1/stm32cubeide/plugins/com.st.stm32cube.ide.mcu.externaltools.gnu-tools-for-stm32.10.3-2021.10.win32_1.0.0.202111181127/tools/bin/../lib/gcc/arm-none-eabi/10.3.1/../../../../arm-none-eabi/lib/thumb/v7e-m+fp/hard\libc_nano.a(lib_a-init.o)
                              c:/st/stm32cubeide_1.10.1/stm32cubeide/plugins/com.st.stm32cube.ide.mcu.externaltools.gnu-tools-for-stm32.10.3-2021.10.win32_1.0.0.202111181127/tools/bin/../lib/gcc/arm-none-eabi/10.3.1/../../../../arm-none-eabi/lib/thumb/v7e-m+fp/hard/crt0.o (__libc_init_array)
c:/st/stm32cubeide_1.10.1/stm32cubeide/plugins/com.st.stm32cube.ide.mcu.externaltools.gnu-tools-for-stm32.10.3-2021.10.win32_1.0.0.202111181127/tools/bin/../lib/gcc/arm-none-eabi/10.3.1/../../../../arm-none-eabi/lib/thumb/v7e-m+fp/hard\libc_nano.a(lib_a-memset.o)
                              c:/st/stm32cubeide_1.10.1/stm32cubeide/plugins/com.st.stm32cube.ide.mcu.externaltools.gnu-tools-for-stm32.10.3-2021.10.win32_1.0.0.202111181127/tools/bin/../lib/gcc/arm-none-eabi/10.3.1/../../../../arm-none-eabi/lib/thumb/v7e-m+fp/hard/crt0.o (memset)

Discarded input sections

 .text          0x0000000000000000        0x0 c:/st/stm32cubeide_1.10.1/stm32cubeide/plugins/com.st.stm32cube.ide.mcu.externaltools.gnu-tools-for-stm32.10.3-2021.10.win32_1.0.0.202111181127/tools/bin/../lib/gcc/arm-none-eabi/10.3.1/thumb/v7e-m+fp/hard/crti.o
 .data          0x0000000000000000        0x0 c:/st/stm32cubeide_1.10.1/stm32cubeide/plugins/com.st.stm32cube.ide.mcu.externaltools.gnu-tools-for-stm32.10.3-2021.10.win32_1.0.0.202111181127/tools/bin/../lib/gcc/arm-none-eabi/10.3.1/thumb/v7e-m+fp/hard/crti.o
 .bss           0x0000000000000000        0x0 c:/st/stm32cubeide_1.10.1/stm32cubeide/plugins/com.st.stm32cube.ide.mcu.externaltools.gnu-tools-for-stm32.10.3-2021.10.win32_1.0.0.202111181127/tools/bin/../lib/gcc/arm-none-eabi/10.3.1/thumb/v7e-m+fp/hard/crti.o
 .data          0x0000000000000000        0x4 c:/st/stm32cubeide_1.10.1/stm32cubeide/plugins/com.st.stm32cube.ide.mcu.externaltools.gnu-tools-for-stm32.10.3-2021.10.win32_1.0.0.202111181127/tools/bin/../lib/gcc/arm-none-eabi/10.3.1/thumb/v7e-m+fp/hard/crtbegin.o
 .rodata        0x0000000000000000       0x24 c:/st/stm32cubeide_1.10.1/stm32cubeide/plugins/com.st.stm32cube.ide.mcu.externaltools.gnu-tools-for-stm32.10.3-2021.10.win32_1.0.0.202111181127/tools/bin/../lib/gcc/arm-none-eabi/10.3.1/thumb/v7e-m+fp/hard/crtbegin.o
 .text          0x0000000000000000       0x7c c:/st/stm32cubeide_1.10.1/stm32cubeide/plugins/com.st.stm32cube.ide.mcu.externaltools.gnu-tools-for-stm32.10.3-2021.10.win32_1.0.0.202111181127/tools/bin/../lib/gcc/arm-none-eabi/10.3.1/../../../../arm-none-eabi/lib/thumb/v7e-m+fp/hard/crt0.o
 .data          0x0000000000000000        0x0 c:/st/stm32cubeide_1.10.1/stm32cubeide/plugins/com.st.stm32cube.ide.mcu.externaltools.gnu-tools-for-stm32.10.3-2021.10.win32_1.0.0.202111181127/tools/bin/../lib/gcc/arm-none-eabi/10.3.1/../../../../arm-none-eabi/lib/thumb/v7e-m+fp/hard/crt0.o
 .bss           0x0000000000000000        0x0 c:/st/stm32cubeide_1.10.1/stm32cubeide/plugins/com.st.stm32cube.ide.mcu.externaltools.gnu-tools-for-stm32.10.3-2021.10.win32_1.0.0.202111181127/tools/bin/../lib/gcc/arm-none-eabi/10.3.1/../../../../arm-none-eabi/lib/thumb/v7e-m+fp/hard/crt0.o
[...]
Memory Configuration

Name             Origin             Length             Attributes
RAM              0x0000000020000000 0x0000000000008000 xrw
FLASH            0x0000000008000000 0x0000000000020000 xr
*default*        0x0000000000000000 0xffffffffffffffff

Linker script and memory map

LOAD c:/st/stm32cubeide_1.10.1/stm32cubeide/plugins/com.st.stm32cube.ide.mcu.externaltools.gnu-tools-for-stm32.10.3-2021.10.win32_1.0.0.202111181127/tools/bin/../lib/gcc/arm-none-eabi/10.3.1/thumb/v7e-m+fp/hard/crti.o
LOAD c:/st/stm32cubeide_1.10.1/stm32cubeide/plugins/com.st.stm32cube.ide.mcu.externaltools.gnu-tools-for-stm32.10.3-2021.10.win32_1.0.0.202111181127/tools/bin/../lib/gcc/arm-none-eabi/10.3.1/thumb/v7e-m+fp/hard/crtbegin.o
LOAD c:/st/stm32cubeide_1.10.1/stm32cubeide/plugins/com.st.stm32cube.ide.mcu.externaltools.gnu-tools-for-stm32.10.3-2021.10.win32_1.0.0.202111181127/tools/bin/../lib/gcc/arm-none-eabi/10.3.1/../../../../arm-none-eabi/lib/thumb/v7e-m+fp/hard/crt0.o
LOAD ./Core/Src/main.o
LOAD ./Core/Src/stm32g4xx_hal_msp.o
LOAD ./Core/Src/stm32g4xx_it.o
LOAD ./Core/Src/syscalls.o
LOAD ./Core/Src/sysmem.o
LOAD ./Core/Src/system_stm32g4xx.o
LOAD ./Core/Startup/startup_stm32g441kbtx.o
LOAD ./Drivers/STM32G4xx_HAL_Driver/Src/stm32g4xx_hal.o
LOAD ./Drivers/STM32G4xx_HAL_Driver/Src/stm32g4xx_hal_adc.o
LOAD ./Drivers/STM32G4xx_HAL_Driver/Src/stm32g4xx_hal_adc_ex.o
LOAD ./Drivers/STM32G4xx_HAL_Driver/Src/stm32g4xx_hal_cortex.o
LOAD ./Drivers/STM32G4xx_HAL_Driver/Src/stm32g4xx_hal_crc.o
LOAD ./Drivers/STM32G4xx_HAL_Driver/Src/stm32g4xx_hal_crc_ex.o
LOAD ./Drivers/STM32G4xx_HAL_Driver/Src/stm32g4xx_hal_dma.o
LOAD ./Drivers/STM32G4xx_HAL_Driver/Src/stm32g4xx_hal_dma_ex.o
LOAD ./Drivers/STM32G4xx_HAL_Driver/Src/stm32g4xx_hal_exti.o
LOAD ./Drivers/STM32G4xx_HAL_Driver/Src/stm32g4xx_hal_flash.o
LOAD ./Drivers/STM32G4xx_HAL_Driver/Src/stm32g4xx_hal_flash_ex.o
LOAD ./Drivers/STM32G4xx_HAL_Driver/Src/stm32g4xx_hal_flash_ramfunc.o
LOAD ./Drivers/STM32G4xx_HAL_Driver/Src/stm32g4xx_hal_gpio.o
LOAD ./Drivers/STM32G4xx_HAL_Driver/Src/stm32g4xx_hal_pcd.o
LOAD ./Drivers/STM32G4xx_HAL_Driver/Src/stm32g4xx_hal_pcd_ex.o
LOAD ./Drivers/STM32G4xx_HAL_Driver/Src/stm32g4xx_hal_pwr.o
LOAD ./Drivers/STM32G4xx_HAL_Driver/Src/stm32g4xx_hal_pwr_ex.o
LOAD ./Drivers/STM32G4xx_HAL_Driver/Src/stm32g4xx_hal_rcc.o
LOAD ./Drivers/STM32G4xx_HAL_Driver/Src/stm32g4xx_hal_rcc_ex.o
LOAD ./Drivers/STM32G4xx_HAL_Driver/Src/stm32g4xx_hal_rtc.o
LOAD ./Drivers/STM32G4xx_HAL_Driver/Src/stm32g4xx_hal_rtc_ex.o
LOAD ./Drivers/STM32G4xx_HAL_Driver/Src/stm32g4xx_hal_tim.o
LOAD ./Drivers/STM32G4xx_HAL_Driver/Src/stm32g4xx_hal_tim_ex.o
LOAD ./Drivers/STM32G4xx_HAL_Driver/Src/stm32g4xx_ll_adc.o
LOAD ./Drivers/STM32G4xx_HAL_Driver/Src/stm32g4xx_ll_usb.o
LOAD ./Middlewares/ST/STM32_USB_Device_Library/Class/CDC/Src/usbd_cdc.o
LOAD ./Middlewares/ST/STM32_USB_Device_Library/Core/Src/usbd_core.o
LOAD ./Middlewares/ST/STM32_USB_Device_Library/Core/Src/usbd_ctlreq.o
LOAD ./Middlewares/ST/STM32_USB_Device_Library/Core/Src/usbd_ioreq.o
LOAD ./USB_Device/App/usb_device.o
LOAD ./USB_Device/App/usbd_cdc_if.o
LOAD ./USB_Device/App/usbd_desc.o
LOAD ./USB_Device/Target/usbd_conf.o
START GROUP
LOAD c:/st/stm32cubeide_1.10.1/stm32cubeide/plugins/com.st.stm32cube.ide.mcu.externaltools.gnu-tools-for-stm32.10.3-2021.10.win32_1.0.0.202111181127/tools/bin/../lib/gcc/arm-none-eabi/10.3.1/../../../../arm-none-eabi/lib/thumb/v7e-m+fp/hard\libc_nano.a
LOAD c:/st/stm32cubeide_1.10.1/stm32cubeide/plugins/com.st.stm32cube.ide.mcu.externaltools.gnu-tools-for-stm32.10.3-2021.10.win32_1.0.0.202111181127/tools/bin/../lib/gcc/arm-none-eabi/10.3.1/../../../../arm-none-eabi/lib/thumb/v7e-m+fp/hard\libm.a
END GROUP
START GROUP
LOAD c:/st/stm32cubeide_1.10.1/stm32cubeide/plugins/com.st.stm32cube.ide.mcu.externaltools.gnu-tools-for-stm32.10.3-2021.10.win32_1.0.0.202111181127/tools/bin/../lib/gcc/arm-none-eabi/10.3.1/thumb/v7e-m+fp/hard\libgcc.a
LOAD c:/st/stm32cubeide_1.10.1/stm32cubeide/plugins/com.st.stm32cube.ide.mcu.externaltools.gnu-tools-for-stm32.10.3-2021.10.win32_1.0.0.202111181127/tools/bin/../lib/gcc/arm-none-eabi/10.3.1/../../../../arm-none-eabi/lib/thumb/v7e-m+fp/hard\libc_nano.a
END GROUP
START GROUP
LOAD c:/st/stm32cubeide_1.10.1/stm32cubeide/plugins/com.st.stm32cube.ide.mcu.externaltools.gnu-tools-for-stm32.10.3-2021.10.win32_1.0.0.202111181127/tools/bin/../lib/gcc/arm-none-eabi/10.3.1/thumb/v7e-m+fp/hard\libgcc.a
LOAD c:/st/stm32cubeide_1.10.1/stm32cubeide/plugins/com.st.stm32cube.ide.mcu.externaltools.gnu-tools-for-stm32.10.3-2021.10.win32_1.0.0.202111181127/tools/bin/../lib/gcc/arm-none-eabi/10.3.1/../../../../arm-none-eabi/lib/thumb/v7e-m+fp/hard\libc_nano.a
LOAD c:/st/stm32cubeide_1.10.1/stm32cubeide/plugins/com.st.stm32cube.ide.mcu.externaltools.gnu-tools-for-stm32.10.3-2021.10.win32_1.0.0.202111181127/tools/bin/../lib/gcc/arm-none-eabi/10.3.1/../../../../arm-none-eabi/lib/thumb/v7e-m+fp/hard\libnosys.a
END GROUP
START GROUP
LOAD c:/st/stm32cubeide_1.10.1/stm32cubeide/plugins/com.st.stm32cube.ide.mcu.externaltools.gnu-tools-for-stm32.10.3-2021.10.win32_1.0.0.202111181127/tools/bin/../lib/gcc/arm-none-eabi/10.3.1/thumb/v7e-m+fp/hard\libgcc.a
LOAD c:/st/stm32cubeide_1.10.1/stm32cubeide/plugins/com.st.stm32cube.ide.mcu.externaltools.gnu-tools-for-stm32.10.3-2021.10.win32_1.0.0.202111181127/tools/bin/../lib/gcc/arm-none-eabi/10.3.1/../../../../arm-none-eabi/lib/thumb/v7e-m+fp/hard\libc_nano.a
LOAD c:/st/stm32cubeide_1.10.1/stm32cubeide/plugins/com.st.stm32cube.ide.mcu.externaltools.gnu-tools-for-stm32.10.3-2021.10.win32_1.0.0.202111181127/tools/bin/../lib/gcc/arm-none-eabi/10.3.1/../../../../arm-none-eabi/lib/thumb/v7e-m+fp/hard\libnosys.a
END GROUP
LOAD c:/st/stm32cubeide_1.10.1/stm32cubeide/plugins/com.st.stm32cube.ide.mcu.externaltools.gnu-tools-for-stm32.10.3-2021.10.win32_1.0.0.202111181127/tools/bin/../lib/gcc/arm-none-eabi/10.3.1/thumb/v7e-m+fp/hard/crtend.o
LOAD c:/st/stm32cubeide_1.10.1/stm32cubeide/plugins/com.st.stm32cube.ide.mcu.externaltools.gnu-tools-for-stm32.10.3-2021.10.win32_1.0.0.202111181127/tools/bin/../lib/gcc/arm-none-eabi/10.3.1/thumb/v7e-m+fp/hard/crtn.o
                0x0000000020008000                _estack = (ORIGIN (RAM) + LENGTH (RAM))
                0x0000000000000200                _Min_Heap_Size = 0x200
                0x0000000000000400                _Min_Stack_Size = 0x400

.isr_vector     0x0000000008000000      0x1d8
                0x0000000008000000                . = ALIGN (0x4)
 *(.isr_vector)
 .isr_vector    0x0000000008000000      0x1d8 ./Core/Startup/startup_stm32g441kbtx.o
                0x0000000008000000                g_pfnVectors
                0x00000000080001d8                . = ALIGN (0x4)

.text           0x00000000080001d8     0x28b0
                0x00000000080001d8                . = ALIGN (0x4)
 *(.text)
 .text          0x00000000080001d8       0x40 c:/st/stm32cubeide_1.10.1/stm32cubeide/plugins/com.st.stm32cube.ide.mcu.externaltools.gnu-tools-for-stm32.10.3-2021.10.win32_1.0.0.202111181127/tools/bin/../lib/gcc/arm-none-eabi/10.3.1/thumb/v7e-m+fp/hard/crtbegin.o
 *(.text*)
 .text.SystemClock_Config
                0x0000000008000218       0x74 ./Core/Src/main.o
                0x0000000008000218                SystemClock_Config
 .text.Error_Handler
                0x000000000800028c        0x4 ./Core/Src/main.o
                0x000000000800028c                Error_Handler
 .text.NMI_Handler
                0x0000000008000290        0x2 ./Core/Src/stm32g4xx_it.o
                0x0000000008000290                NMI_Handler
 .text.HardFault_Handler
                0x0000000008000292        0x2 ./Core/Src/stm32g4xx_it.o
                0x0000000008000292                HardFault_Handler
 .text.MemManage_Handler
                0x0000000008000294        0x2 ./Core/Src/stm32g4xx_it.o
                0x0000000008000294                MemManage_Handler
 .text.BusFault_Handler
                0x0000000008000296        0x2 ./Core/Src/stm32g4xx_it.o
                0x0000000008000296                BusFault_Handler
 .text.UsageFault_Handler
                0x0000000008000298        0x2 ./Core/Src/stm32g4xx_it.o
                0x0000000008000298                UsageFault_Handler
 .text.SVC_Handler
                0x000000000800029a        0x2 ./Core/Src/stm32g4xx_it.o
                0x000000000800029a                SVC_Handler
 .text.DebugMon_Handler
                0x000000000800029c        0x2 ./Core/Src/stm32g4xx_it.o
                0x000000000800029c                DebugMon_Handler
 .text.PendSV_Handler
                0x000000000800029e        0x2 ./Core/Src/stm32g4xx_it.o
                0x000000000800029e                PendSV_Handler
 .text.SysTick_Handler
                0x00000000080002a0        0x4 ./Core/Src/stm32g4xx_it.o
                0x00000000080002a0                SysTick_Handler
 .text.DMA1_Channel1_IRQHandler
                0x00000000080002a4        0xc ./Core/Src/stm32g4xx_it.o
                0x00000000080002a4                DMA1_Channel1_IRQHandler
 .text.USB_LP_IRQHandler
                0x00000000080002b0        0xc ./Core/Src/stm32g4xx_it.o
                0x00000000080002b0                USB_LP_IRQHandler
 .text.EXTI9_5_IRQHandler
                0x00000000080002bc        0x6 ./Core/Src/stm32g4xx_it.o
                0x00000000080002bc                EXTI9_5_IRQHandler
 *fill*         0x00000000080002c2        0x2 
 .text.TIM6_DAC_IRQHandler
                0x00000000080002c4        0xc ./Core/Src/stm32g4xx_it.o
                0x00000000080002c4                TIM6_DAC_IRQHandler
 .text.SystemInit
                0x00000000080002d0       0x14 ./Core/Src/system_stm32g4xx.o
                0x00000000080002d0                SystemInit
 .text.Reset_Handler
                0x00000000080002e4       0x50 ./Core/Startup/startup_stm32g441kbtx.o
                0x00000000080002e4                Reset_Handler
 .text.Default_Handler
                0x0000000008000334        0x2 ./Core/Startup/startup_stm32g441kbtx.o
                0x0000000008000334                RTC_Alarm_IRQHandler
                0x0000000008000334                EXTI2_IRQHandler
                0x0000000008000334                TIM8_TRG_COM_IRQHandler
                0x0000000008000334                TIM8_CC_IRQHandler
                0x0000000008000334                TIM1_CC_IRQHandler
                0x0000000008000334                USB_HP_IRQHandler
                0x0000000008000334                CORDIC_IRQHandler
                0x0000000008000334                EXTI3_IRQHandler
                0x0000000008000334                I2C3_ER_IRQHandler
                0x0000000008000334                EXTI0_IRQHandler
                0x0000000008000334                I2C2_EV_IRQHandler
                0x0000000008000334                FPU_IRQHandler
                0x0000000008000334                FDCAN1_IT1_IRQHandler
                0x0000000008000334                TIM1_UP_TIM16_IRQHandler
                0x0000000008000334                ADC1_2_IRQHandler
                0x0000000008000334                SPI1_IRQHandler
                0x0000000008000334                TIM8_UP_IRQHandler
                0x0000000008000334                DMA2_Channel2_IRQHandler
                0x0000000008000334                DMA1_Channel4_IRQHandler
                0x0000000008000334                USART3_IRQHandler
                0x0000000008000334                TIM4_IRQHandler
                0x0000000008000334                DMA2_Channel1_IRQHandler
                0x0000000008000334                I2C1_EV_IRQHandler
                0x0000000008000334                DMA1_Channel6_IRQHandler
                0x0000000008000334                UART4_IRQHandler
                0x0000000008000334                DMA2_Channel4_IRQHandler
                0x0000000008000334                TIM3_IRQHandler
                0x0000000008000334                RCC_IRQHandler
                0x0000000008000334                Default_Handler
                0x0000000008000334                RTC_TAMP_LSECSS_IRQHandler
                0x0000000008000334                FMAC_IRQHandler
                0x0000000008000334                EXTI15_10_IRQHandler
                0x0000000008000334                TIM7_IRQHandler
                0x0000000008000334                UCPD1_IRQHandler
                0x0000000008000334                I2C3_EV_IRQHandler
                0x0000000008000334                RTC_WKUP_IRQHandler
                0x0000000008000334                PVD_PVM_IRQHandler
                0x0000000008000334                SPI2_IRQHandler
                0x0000000008000334                DMA2_Channel5_IRQHandler
                0x0000000008000334                CRS_IRQHandler
                0x0000000008000334                DMA1_Channel5_IRQHandler
                0x0000000008000334                EXTI4_IRQHandler
                0x0000000008000334                RNG_IRQHandler
                0x0000000008000334                TIM1_TRG_COM_TIM17_IRQHandler
                0x0000000008000334                DMA1_Channel3_IRQHandler
                0x0000000008000334                WWDG_IRQHandler
                0x0000000008000334                LPUART1_IRQHandler
                0x0000000008000334                DMA2_Channel6_IRQHandler
                0x0000000008000334                FDCAN1_IT0_IRQHandler
                0x0000000008000334                TIM2_IRQHandler
                0x0000000008000334                COMP1_2_3_IRQHandler
                0x0000000008000334                EXTI1_IRQHandler
                0x0000000008000334                AES_IRQHandler
                0x0000000008000334                USART2_IRQHandler
                0x0000000008000334                I2C2_ER_IRQHandler
                0x0000000008000334                DMA1_Channel2_IRQHandler
                0x0000000008000334                TIM8_BRK_IRQHandler
                0x0000000008000334                FLASH_IRQHandler
                0x0000000008000334                USART1_IRQHandler
                0x0000000008000334                SPI3_IRQHandler
                0x0000000008000334                I2C1_ER_IRQHandler
                0x0000000008000334                LPTIM1_IRQHandler
                0x0000000008000334                DMAMUX_OVR_IRQHandler
                0x0000000008000334                USBWakeUp_IRQHandler
                0x0000000008000334                SAI1_IRQHandler
                0x0000000008000334                DMA2_Channel3_IRQHandler
                0x0000000008000334                COMP4_IRQHandler
                0x0000000008000334                TIM1_BRK_TIM15_IRQHandler
 *fill*         0x0000000008000336        0x2 
 .text.HAL_InitTick
                0x0000000008000338       0x4c ./Drivers/STM32G4xx_HAL_Driver/Src/stm32g4xx_hal.o
                0x0000000008000338                HAL_InitTick
 .text.HAL_IncTick
                0x0000000008000384       0x18 ./Drivers/STM32G4xx_HAL_Driver/Src/stm32g4xx_hal.o
                0x0000000008000384                HAL_IncTick
 .text.HAL_GetTick
                0x000000000800039c        0xc ./Drivers/STM32G4xx_HAL_Driver/Src/stm32g4xx_hal.o
                0x000000000800039c                HAL_GetTick
 .text.HAL_NVIC_SetPriority
                0x00000000080003a8       0x64 ./Drivers/STM32G4xx_HAL_Driver/Src/stm32g4xx_hal_cortex.o
                0x00000000080003a8                HAL_NVIC_SetPriority
 .text.HAL_SYSTICK_Config
                0x000000000800040c       0x28 ./Drivers/STM32G4xx_HAL_Driver/Src/stm32g4xx_hal_cortex.o
                0x000000000800040c                HAL_SYSTICK_Config
 .text.HAL_DMA_IRQHandler
                0x0000000008000434       0x94 ./Drivers/STM32G4xx_HAL_Driver/Src/stm32g4xx_hal_dma.o
                0x0000000008000434                HAL_DMA_IRQHandler
 .text.HAL_GPIO_EXTI_Callback
                0x00000000080004c8        0x2 ./Drivers/STM32G4xx_HAL_Driver/Src/stm32g4xx_hal_gpio.o
                0x00000000080004c8                HAL_GPIO_EXTI_Callback
 *fill*         0x00000000080004ca        0x2 
 .text.HAL_GPIO_EXTI_IRQHandler
                0x00000000080004cc       0x18 ./Drivers/STM32G4xx_HAL_Driver/Src/stm32g4xx_hal_gpio.o
                0x00000000080004cc                HAL_GPIO_EXTI_IRQHandler
 .text.HAL_PCD_SetAddress
                0x00000000080004e4       0x28 ./Drivers/STM32G4xx_HAL_Driver/Src/stm32g4xx_hal_pcd.o
                0x00000000080004e4                HAL_PCD_SetAddress
 .text.HAL_PCD_IRQHandler
                0x000000000800050c      0x9dc ./Drivers/STM32G4xx_HAL_Driver/Src/stm32g4xx_hal_pcd.o
                0x000000000800050c                HAL_PCD_IRQHandler
 .text.HAL_PCD_EP_Open
                0x0000000008000ee8       0x6c ./Drivers/STM32G4xx_HAL_Driver/Src/stm32g4xx_hal_pcd.o
                0x0000000008000ee8                HAL_PCD_EP_Open
 .text.HAL_PCD_EP_Receive
                0x0000000008000f54       0x2c ./Drivers/STM32G4xx_HAL_Driver/Src/stm32g4xx_hal_pcd.o
                0x0000000008000f54                HAL_PCD_EP_Receive
 .text.HAL_PCD_EP_Transmit
                0x0000000008000f80       0x40 ./Drivers/STM32G4xx_HAL_Driver/Src/stm32g4xx_hal_pcd.o
                0x0000000008000f80                HAL_PCD_EP_Transmit
 .text.HAL_PCD_EP_SetStall
                0x0000000008000fc0       0x64 ./Drivers/STM32G4xx_HAL_Driver/Src/stm32g4xx_hal_pcd.o
                0x0000000008000fc0                HAL_PCD_EP_SetStall
 .text.HAL_PCD_EP_ClrStall
                0x0000000008001024       0x6c ./Drivers/STM32G4xx_HAL_Driver/Src/stm32g4xx_hal_pcd.o
                0x0000000008001024                HAL_PCD_EP_ClrStall
 .text.HAL_PWREx_ControlVoltageScaling
                0x0000000008001090       0xb4 ./Drivers/STM32G4xx_HAL_Driver/Src/stm32g4xx_hal_pwr_ex.o
                0x0000000008001090                HAL_PWREx_ControlVoltageScaling
 .text.HAL_RCC_OscConfig
                0x0000000008001144      0x420 ./Drivers/STM32G4xx_HAL_Driver/Src/stm32g4xx_hal_rcc.o
                0x0000000008001144                HAL_RCC_OscConfig
 .text.HAL_RCC_GetSysClockFreq
                0x0000000008001564       0x6c ./Drivers/STM32G4xx_HAL_Driver/Src/stm32g4xx_hal_rcc.o
                0x0000000008001564                HAL_RCC_GetSysClockFreq
 .text.HAL_RCC_ClockConfig
                0x00000000080015d0      0x1e8 ./Drivers/STM32G4xx_HAL_Driver/Src/stm32g4xx_hal_rcc.o
                0x00000000080015d0                HAL_RCC_ClockConfig
 .text.HAL_TIM_PeriodElapsedCallback
                0x00000000080017b8        0x2 ./Drivers/STM32G4xx_HAL_Driver/Src/stm32g4xx_hal_tim.o
                0x00000000080017b8                HAL_TIM_PeriodElapsedCallback
 .text.HAL_TIM_OC_DelayElapsedCallback
                0x00000000080017ba        0x2 ./Drivers/STM32G4xx_HAL_Driver/Src/stm32g4xx_hal_tim.o
                0x00000000080017ba                HAL_TIM_OC_DelayElapsedCallback
 .text.HAL_TIM_IC_CaptureCallback
                0x00000000080017bc        0x2 ./Drivers/STM32G4xx_HAL_Driver/Src/stm32g4xx_hal_tim.o
                0x00000000080017bc                HAL_TIM_IC_CaptureCallback
 .text.HAL_TIM_PWM_PulseFinishedCallback
                0x00000000080017be        0x2 ./Drivers/STM32G4xx_HAL_Driver/Src/stm32g4xx_hal_tim.o
                0x00000000080017be                HAL_TIM_PWM_PulseFinishedCallback
 .text.HAL_TIM_TriggerCallback
                0x00000000080017c0        0x2 ./Drivers/STM32G4xx_HAL_Driver/Src/stm32g4xx_hal_tim.o
                0x00000000080017c0                HAL_TIM_TriggerCallback
 .text.HAL_TIM_IRQHandler
                0x00000000080017c2      0x1ce ./Drivers/STM32G4xx_HAL_Driver/Src/stm32g4xx_hal_tim.o
                0x00000000080017c2                HAL_TIM_IRQHandler
 .text.HAL_TIMEx_CommutCallback
                0x0000000008001990        0x2 ./Drivers/STM32G4xx_HAL_Driver/Src/stm32g4xx_hal_tim_ex.o
                0x0000000008001990                HAL_TIMEx_CommutCallback
 .text.HAL_TIMEx_BreakCallback
                0x0000000008001992        0x2 ./Drivers/STM32G4xx_HAL_Driver/Src/stm32g4xx_hal_tim_ex.o
                0x0000000008001992                HAL_TIMEx_BreakCallback
 .text.HAL_TIMEx_Break2Callback
                0x0000000008001994        0x2 ./Drivers/STM32G4xx_HAL_Driver/Src/stm32g4xx_hal_tim_ex.o
                0x0000000008001994                HAL_TIMEx_Break2Callback
 .text.HAL_TIMEx_EncoderIndexCallback
                0x0000000008001996        0x2 ./Drivers/STM32G4xx_HAL_Driver/Src/stm32g4xx_hal_tim_ex.o
                0x0000000008001996                HAL_TIMEx_EncoderIndexCallback
 .text.HAL_TIMEx_DirectionChangeCallback
                0x0000000008001998        0x2 ./Drivers/STM32G4xx_HAL_Driver/Src/stm32g4xx_hal_tim_ex.o
                0x0000000008001998                HAL_TIMEx_DirectionChangeCallback
 .text.HAL_TIMEx_IndexErrorCallback
                0x000000000800199a        0x2 ./Drivers/STM32G4xx_HAL_Driver/Src/stm32g4xx_hal_tim_ex.o
                0x000000000800199a                HAL_TIMEx_IndexErrorCallback
 .text.HAL_TIMEx_TransitionErrorCallback
                0x000000000800199c        0x2 ./Drivers/STM32G4xx_HAL_Driver/Src/stm32g4xx_hal_tim_ex.o
                0x000000000800199c                HAL_TIMEx_TransitionErrorCallback
 *fill*         0x000000000800199e        0x2 
 .text.USB_ActivateEndpoint
                0x00000000080019a0      0x2ac ./Drivers/STM32G4xx_HAL_Driver/Src/stm32g4xx_ll_usb.o
                0x00000000080019a0                USB_ActivateEndpoint
 .text.USB_EPSetStall
                0x0000000008001c4c       0x40 ./Drivers/STM32G4xx_HAL_Driver/Src/stm32g4xx_ll_usb.o
                0x0000000008001c4c                USB_EPSetStall
 .text.USB_EPClearStall
                0x0000000008001c8c       0x92 ./Drivers/STM32G4xx_HAL_Driver/Src/stm32g4xx_ll_usb.o
                0x0000000008001c8c                USB_EPClearStall
 .text.USB_SetDevAddress
                0x0000000008001d1e        0xc ./Drivers/STM32G4xx_HAL_Driver/Src/stm32g4xx_ll_usb.o
                0x0000000008001d1e                USB_SetDevAddress
 .text.USB_ReadInterrupts
                0x0000000008001d2a        0x8 ./Drivers/STM32G4xx_HAL_Driver/Src/stm32g4xx_ll_usb.o
                0x0000000008001d2a                USB_ReadInterrupts
 .text.USB_WritePMA
                0x0000000008001d32       0x1e ./Drivers/STM32G4xx_HAL_Driver/Src/stm32g4xx_ll_usb.o
                0x0000000008001d32                USB_WritePMA
 .text.USB_EPStartXfer
                0x0000000008001d50      0x43c ./Drivers/STM32G4xx_HAL_Driver/Src/stm32g4xx_ll_usb.o
                0x0000000008001d50                USB_EPStartXfer
 .text.USB_ReadPMA
                0x000000000800218c       0x36 ./Drivers/STM32G4xx_HAL_Driver/Src/stm32g4xx_ll_usb.o
                0x000000000800218c                USB_ReadPMA
 .text.USBD_SetClassConfig
                0x00000000080021c2        0xe ./Middlewares/ST/STM32_USB_Device_Library/Core/Src/usbd_core.o
                0x00000000080021c2                USBD_SetClassConfig
 .text.USBD_ClrClassConfig
                0x00000000080021d0       0x10 ./Middlewares/ST/STM32_USB_Device_Library/Core/Src/usbd_core.o
                0x00000000080021d0                USBD_ClrClassConfig
 .text.USBD_LL_SetupStage
                0x00000000080021e0       0x60 ./Middlewares/ST/STM32_USB_Device_Library/Core/Src/usbd_core.o
                0x00000000080021e0                USBD_LL_SetupStage
 .text.USBD_LL_DataOutStage
                0x0000000008002240       0x60 ./Middlewares/ST/STM32_USB_Device_Library/Core/Src/usbd_core.o
                0x0000000008002240                USBD_LL_DataOutStage
 .text.USBD_LL_DataInStage
                0x00000000080022a0       0xa4 ./Middlewares/ST/STM32_USB_Device_Library/Core/Src/usbd_core.o
                0x00000000080022a0                USBD_LL_DataInStage
 .text.USBD_LL_Reset
                0x0000000008002344       0x58 ./Middlewares/ST/STM32_USB_Device_Library/Core/Src/usbd_core.o
                0x0000000008002344                USBD_LL_Reset
 .text.USBD_LL_SetSpeed
                0x000000000800239c        0x6 ./Middlewares/ST/STM32_USB_Device_Library/Core/Src/usbd_core.o
                0x000000000800239c                USBD_LL_SetSpeed
 .text.USBD_LL_Suspend
                0x00000000080023a2       0x14 ./Middlewares/ST/STM32_USB_Device_Library/Core/Src/usbd_core.o
                0x00000000080023a2                USBD_LL_Suspend
 .text.USBD_LL_Resume
                0x00000000080023b6       0x16 ./Middlewares/ST/STM32_USB_Device_Library/Core/Src/usbd_core.o
                0x00000000080023b6                USBD_LL_Resume
 .text.USBD_LL_SOF
                0x00000000080023cc       0x22 ./Middlewares/ST/STM32_USB_Device_Library/Core/Src/usbd_core.o
                0x00000000080023cc                USBD_LL_SOF
 .text.USBD_CtlError.constprop.0
                0x00000000080023ee       0x16 ./Middlewares/ST/STM32_USB_Device_Library/Core/Src/usbd_ctlreq.o
 .text.USBD_StdDevReq
                0x0000000008002404      0x298 ./Middlewares/ST/STM32_USB_Device_Library/Core/Src/usbd_ctlreq.o
                0x0000000008002404                USBD_StdDevReq
 .text.USBD_StdItfReq
                0x000000000800269c       0x4c ./Middlewares/ST/STM32_USB_Device_Library/Core/Src/usbd_ctlreq.o
                0x000000000800269c                USBD_StdItfReq
 .text.USBD_StdEPReq
                0x00000000080026e8      0x120 ./Middlewares/ST/STM32_USB_Device_Library/Core/Src/usbd_ctlreq.o
                0x00000000080026e8                USBD_StdEPReq
 .text.USBD_ParseSetupRequest
                0x0000000008002808       0x16 ./Middlewares/ST/STM32_USB_Device_Library/Core/Src/usbd_ctlreq.o
                0x0000000008002808                USBD_ParseSetupRequest
 .text.USBD_CtlSendData
                0x000000000800281e       0x1a ./Middlewares/ST/STM32_USB_Device_Library/Core/Src/usbd_ioreq.o
                0x000000000800281e                USBD_CtlSendData
 .text.USBD_CtlContinueSendData
                0x0000000008002838       0x10 ./Middlewares/ST/STM32_USB_Device_Library/Core/Src/usbd_ioreq.o
                0x0000000008002838                USBD_CtlContinueSendData
 .text.USBD_CtlContinueRx
                0x0000000008002848       0x10 ./Middlewares/ST/STM32_USB_Device_Library/Core/Src/usbd_ioreq.o
                0x0000000008002848                USBD_CtlContinueRx
 .text.USBD_CtlSendStatus
                0x0000000008002858       0x16 ./Middlewares/ST/STM32_USB_Device_Library/Core/Src/usbd_ioreq.o
                0x0000000008002858                USBD_CtlSendStatus
 .text.USBD_CtlReceiveStatus
                0x000000000800286e       0x16 ./Middlewares/ST/STM32_USB_Device_Library/Core/Src/usbd_ioreq.o
                0x000000000800286e                USBD_CtlReceiveStatus
 .text.USBD_Get_USB_Status
                0x0000000008002884       0x10 ./USB_Device/Target/usbd_conf.o
 .text.HAL_PCD_SetupStageCallback
                0x0000000008002894        0xc ./USB_Device/Target/usbd_conf.o
                0x0000000008002894                HAL_PCD_SetupStageCallback
 .text.HAL_PCD_DataOutStageCallback
                0x00000000080028a0       0x12 ./USB_Device/Target/usbd_conf.o
                0x00000000080028a0                HAL_PCD_DataOutStageCallback
 .text.HAL_PCD_DataInStageCallback
                0x00000000080028b2       0x10 ./USB_Device/Target/usbd_conf.o
                0x00000000080028b2                HAL_PCD_DataInStageCallback
 .text.HAL_PCD_SOFCallback
                0x00000000080028c2        0x8 ./USB_Device/Target/usbd_conf.o
                0x00000000080028c2                HAL_PCD_SOFCallback
 .text.HAL_PCD_ResetCallback
                0x00000000080028ca       0x24 ./USB_Device/Target/usbd_conf.o
                0x00000000080028ca                HAL_PCD_ResetCallback
 *fill*         0x00000000080028ee        0x2 
 .text.HAL_PCD_SuspendCallback
                0x00000000080028f0       0x20 ./USB_Device/Target/usbd_conf.o
                0x00000000080028f0                HAL_PCD_SuspendCallback
 .text.HAL_PCD_ResumeCallback
                0x0000000008002910       0x28 ./USB_Device/Target/usbd_conf.o
                0x0000000008002910                HAL_PCD_ResumeCallback
 .text.USBD_LL_OpenEP
                0x0000000008002938       0x18 ./USB_Device/Target/usbd_conf.o
                0x0000000008002938                USBD_LL_OpenEP
 .text.USBD_LL_StallEP
                0x0000000008002950       0x12 ./USB_Device/Target/usbd_conf.o
                0x0000000008002950                USBD_LL_StallEP
 .text.USBD_LL_ClearStallEP
                0x0000000008002962       0x12 ./USB_Device/Target/usbd_conf.o
                0x0000000008002962                USBD_LL_ClearStallEP
 .text.USBD_LL_IsStallEP
                0x0000000008002974       0x26 ./USB_Device/Target/usbd_conf.o
                0x0000000008002974                USBD_LL_IsStallEP
 .text.USBD_LL_SetUSBAddress
                0x000000000800299a       0x12 ./USB_Device/Target/usbd_conf.o
                0x000000000800299a                USBD_LL_SetUSBAddress
 .text.USBD_LL_Transmit
                0x00000000080029ac       0x12 ./USB_Device/Target/usbd_conf.o
                0x00000000080029ac                USBD_LL_Transmit
 .text.USBD_LL_PrepareReceive
                0x00000000080029be       0x12 ./USB_Device/Target/usbd_conf.o
                0x00000000080029be                USBD_LL_PrepareReceive
 .text.HAL_PCDEx_LPM_Callback
                0x00000000080029d0       0x48 ./USB_Device/Target/usbd_conf.o
                0x00000000080029d0                HAL_PCDEx_LPM_Callback
 .text.__libc_init_array
                0x0000000008002a18       0x48 c:/st/stm32cubeide_1.10.1/stm32cubeide/plugins/com.st.stm32cube.ide.mcu.externaltools.gnu-tools-for-stm32.10.3-2021.10.win32_1.0.0.202111181127/tools/bin/../lib/gcc/arm-none-eabi/10.3.1/../../../../arm-none-eabi/lib/thumb/v7e-m+fp/hard\libc_nano.a(lib_a-init.o)
                0x0000000008002a18                __libc_init_array
 .text.memset   0x0000000008002a60       0x10 c:/st/stm32cubeide_1.10.1/stm32cubeide/plugins/com.st.stm32cube.ide.mcu.externaltools.gnu-tools-for-stm32.10.3-2021.10.win32_1.0.0.202111181127/tools/bin/../lib/gcc/arm-none-eabi/10.3.1/../../../../arm-none-eabi/lib/thumb/v7e-m+fp/hard\libc_nano.a(lib_a-memset.o)
                0x0000000008002a60                memset
 *(.glue_7)
 .glue_7        0x0000000008002a70        0x0 linker stubs
 *(.glue_7t)
 .glue_7t       0x0000000008002a70        0x0 linker stubs
 *(.eh_frame)
 .eh_frame      0x0000000008002a70        0x0 c:/st/stm32cubeide_1.10.1/stm32cubeide/plugins/com.st.stm32cube.ide.mcu.externaltools.gnu-tools-for-stm32.10.3-2021.10.win32_1.0.0.202111181127/tools/bin/../lib/gcc/arm-none-eabi/10.3.1/thumb/v7e-m+fp/hard/crtbegin.o
 *(.init)
 .init          0x0000000008002a70        0x4 c:/st/stm32cubeide_1.10.1/stm32cubeide/plugins/com.st.stm32cube.ide.mcu.externaltools.gnu-tools-for-stm32.10.3-2021.10.win32_1.0.0.202111181127/tools/bin/../lib/gcc/arm-none-eabi/10.3.1/thumb/v7e-m+fp/hard/crti.o
                0x0000000008002a70                _init
 .init          0x0000000008002a74        0x8 c:/st/stm32cubeide_1.10.1/stm32cubeide/plugins/com.st.stm32cube.ide.mcu.externaltools.gnu-tools-for-stm32.10.3-2021.10.win32_1.0.0.202111181127/tools/bin/../lib/gcc/arm-none-eabi/10.3.1/thumb/v7e-m+fp/hard/crtn.o
 *(.fini)
 .fini          0x0000000008002a7c        0x4 c:/st/stm32cubeide_1.10.1/stm32cubeide/plugins/com.st.stm32cube.ide.mcu.externaltools.gnu-tools-for-stm32.10.3-2021.10.win32_1.0.0.202111181127/tools/bin/../lib/gcc/arm-none-eabi/10.3.1/thumb/v7e-m+fp/hard/crti.o
                0x0000000008002a7c                _fini
 .fini          0x0000000008002a80        0x8 c:/st/stm32cubeide_1.10.1/stm32cubeide/plugins/com.st.stm32cube.ide.mcu.externaltools.gnu-tools-for-stm32.10.3-2021.10.win32_1.0.0.202111181127/tools/bin/../lib/gcc/arm-none-eabi/10.3.1/thumb/v7e-m+fp/hard/crtn.o
                0x0000000008002a88                . = ALIGN (0x4)
                0x0000000008002a88                _etext = .

.vfp11_veneer   0x0000000008002a88        0x0
 .vfp11_veneer  0x0000000008002a88        0x0 linker stubs

.v4_bx          0x0000000008002a88        0x0
 .v4_bx         0x0000000008002a88        0x0 linker stubs

.iplt           0x0000000008002a88        0x0
 .iplt          0x0000000008002a88        0x0 c:/st/stm32cubeide_1.10.1/stm32cubeide/plugins/com.st.stm32cube.ide.mcu.externaltools.gnu-tools-for-stm32.10.3-2021.10.win32_1.0.0.202111181127/tools/bin/../lib/gcc/arm-none-eabi/10.3.1/thumb/v7e-m+fp/hard/crtbegin.o

.rodata         0x0000000008002a88       0x14
                0x0000000008002a88                . = ALIGN (0x4)
 *(.rodata)
 *(.rodata*)
 .rodata.AHBPrescTable
                0x0000000008002a88       0x10 ./Core/Src/system_stm32g4xx.o
                0x0000000008002a88                AHBPrescTable
 .rodata.CSWTCH.3
                0x0000000008002a98        0x4 ./USB_Device/Target/usbd_conf.o
                0x0000000008002a9c                . = ALIGN (0x4)

.rel.dyn        0x0000000008002a9c        0x0
 .rel.iplt      0x0000000008002a9c        0x0 c:/st/stm32cubeide_1.10.1/stm32cubeide/plugins/com.st.stm32cube.ide.mcu.externaltools.gnu-tools-for-stm32.10.3-2021.10.win32_1.0.0.202111181127/tools/bin/../lib/gcc/arm-none-eabi/10.3.1/thumb/v7e-m+fp/hard/crtbegin.o

.ARM.extab      0x0000000008002a9c        0x0
                0x0000000008002a9c                . = ALIGN (0x4)
 *(.ARM.extab* .gnu.linkonce.armextab.*)
                0x0000000008002a9c                . = ALIGN (0x4)

.ARM            0x0000000008002a9c        0x0
                0x0000000008002a9c                . = ALIGN (0x4)
                0x0000000008002a9c                __exidx_start = .
 *(.ARM.exidx*)
                0x0000000008002a9c                __exidx_end = .
                0x0000000008002a9c                . = ALIGN (0x4)

.preinit_array  0x0000000008002a9c        0x0
                0x0000000008002a9c                . = ALIGN (0x4)
                0x0000000008002a9c                PROVIDE (__preinit_array_start = .)
 *(.preinit_array*)
                0x0000000008002a9c                PROVIDE (__preinit_array_end = .)
                0x0000000008002a9c                . = ALIGN (0x4)

.init_array     0x0000000008002a9c        0x4
                0x0000000008002a9c                . = ALIGN (0x4)
                0x0000000008002a9c                PROVIDE (__init_array_start = .)
 *(SORT_BY_NAME(.init_array.*))
 *(.init_array*)
 .init_array    0x0000000008002a9c        0x4 c:/st/stm32cubeide_1.10.1/stm32cubeide/plugins/com.st.stm32cube.ide.mcu.externaltools.gnu-tools-for-stm32.10.3-2021.10.win32_1.0.0.202111181127/tools/bin/../lib/gcc/arm-none-eabi/10.3.1/thumb/v7e-m+fp/hard/crtbegin.o
                0x0000000008002aa0                PROVIDE (__init_array_end = .)
                0x0000000008002aa0                . = ALIGN (0x4)

.fini_array     0x0000000008002aa0        0x4
                0x0000000008002aa0                . = ALIGN (0x4)
                [!provide]                        PROVIDE (__fini_array_start = .)
 *(SORT_BY_NAME(.fini_array.*))
 *(.fini_array*)
 .fini_array    0x0000000008002aa0        0x4 c:/st/stm32cubeide_1.10.1/stm32cubeide/plugins/com.st.stm32cube.ide.mcu.externaltools.gnu-tools-for-stm32.10.3-2021.10.win32_1.0.0.202111181127/tools/bin/../lib/gcc/arm-none-eabi/10.3.1/thumb/v7e-m+fp/hard/crtbegin.o
                [!provide]                        PROVIDE (__fini_array_end = .)
                0x0000000008002aa4                . = ALIGN (0x4)
                0x0000000008002aa4                _sidata = LOADADDR (.data)

.data           0x0000000020000000        0xc load address 0x0000000008002aa4
                0x0000000020000000                . = ALIGN (0x4)
                0x0000000020000000                _sdata = .
 *(.data)
 *(.data*)
 .data.SystemCoreClock
                0x0000000020000000        0x4 ./Core/Src/system_stm32g4xx.o
                0x0000000020000000                SystemCoreClock
 .data.uwTickFreq
                0x0000000020000004        0x4 ./Drivers/STM32G4xx_HAL_Driver/Src/stm32g4xx_hal.o
                0x0000000020000004                uwTickFreq
 .data.uwTickPrio
                0x0000000020000008        0x4 ./Drivers/STM32G4xx_HAL_Driver/Src/stm32g4xx_hal.o
                0x0000000020000008                uwTickPrio
 *(.RamFunc)
 *(.RamFunc*)
                0x000000002000000c                . = ALIGN (0x4)
                0x000000002000000c                _edata = .

.igot.plt       0x000000002000000c        0x0 load address 0x0000000008002ab0
 .igot.plt      0x000000002000000c        0x0 c:/st/stm32cubeide_1.10.1/stm32cubeide/plugins/com.st.stm32cube.ide.mcu.externaltools.gnu-tools-for-stm32.10.3-2021.10.win32_1.0.0.202111181127/tools/bin/../lib/gcc/arm-none-eabi/10.3.1/thumb/v7e-m+fp/hard/crtbegin.o
                0x000000002000000c                . = ALIGN (0x4)

.bss            0x000000002000000c      0x3c4 load address 0x0000000008002ab0
                0x000000002000000c                _sbss = .
                0x000000002000000c                __bss_start__ = _sbss
 *(.bss)
 .bss           0x000000002000000c       0x1c c:/st/stm32cubeide_1.10.1/stm32cubeide/plugins/com.st.stm32cube.ide.mcu.externaltools.gnu-tools-for-stm32.10.3-2021.10.win32_1.0.0.202111181127/tools/bin/../lib/gcc/arm-none-eabi/10.3.1/thumb/v7e-m+fp/hard/crtbegin.o
 *(.bss*)
 .bss.hdma_adc1
                0x0000000020000028       0x60 ./Core/Src/main.o
                0x0000000020000028                hdma_adc1
 .bss.htim6     0x0000000020000088       0x4c ./Core/Src/main.o
                0x0000000020000088                htim6
 .bss.uwTick    0x00000000200000d4        0x4 ./Drivers/STM32G4xx_HAL_Driver/Src/stm32g4xx_hal.o
                0x00000000200000d4                uwTick
 .bss.cfgidx.0  0x00000000200000d8        0x1 ./Middlewares/ST/STM32_USB_Device_Library/Core/Src/usbd_ctlreq.o
 *fill*         0x00000000200000d9        0x3 
 .bss.hpcd_USB_FS
                0x00000000200000dc      0x2f4 ./USB_Device/Target/usbd_conf.o
                0x00000000200000dc                hpcd_USB_FS
 *(COMMON)
                0x00000000200003d0                . = ALIGN (0x4)
                0x00000000200003d0                _ebss = .
                0x00000000200003d0                __bss_end__ = _ebss

._user_heap_stack
                0x00000000200003d0      0x600 load address 0x0000000008002ab0
                0x00000000200003d0                . = ALIGN (0x8)
                [!provide]                        PROVIDE (end = .)
                0x00000000200003d0                PROVIDE (_end = .)
                0x00000000200005d0                . = (. + _Min_Heap_Size)
 *fill*         0x00000000200003d0      0x200 
                0x00000000200009d0                . = (. + _Min_Stack_Size)
 *fill*         0x00000000200005d0      0x400 
                0x00000000200009d0                . = ALIGN (0x8)

/DISCARD/
 libc.a(*)
 libm.a(*)
 libgcc.a(*)

.ARM.attributes
                0x0000000000000000       0x30
 *(.ARM.attributes)
 .ARM.attributes
                0x0000000000000000       0x1e c:/st/stm32cubeide_1.10.1/stm32cubeide/plugins/com.st.stm32cube.ide.mcu.externaltools.gnu-tools-for-stm32.10.3-2021.10.win32_1.0.0.202111181127/tools/bin/../lib/gcc/arm-none-eabi/10.3.1/thumb/v7e-m+fp/hard/crti.o
 .ARM.attributes
                0x000000000000001e       0x34 c:/st/stm32cubeide_1.10.1/stm32cubeide/plugins/com.st.stm32cube.ide.mcu.externaltools.gnu-tools-for-stm32.10.3-2021.10.win32_1.0.0.202111181127/tools/bin/../lib/gcc/arm-none-eabi/10.3.1/thumb/v7e-m+fp/hard/crtbegin.o
 .ARM.attributes
                0x0000000000000052       0x34 ./Core/Src/main.o
 .ARM.attributes
                0x0000000000000086       0x34 ./Core/Src/stm32g4xx_it.o
 .ARM.attributes
                0x00000000000000ba       0x34 ./Core/Src/system_stm32g4xx.o
 .ARM.attributes
                0x00000000000000ee       0x21 ./Core/Startup/startup_stm32g441kbtx.o
 .ARM.attributes
                0x000000000000010f       0x34 ./Drivers/STM32G4xx_HAL_Driver/Src/stm32g4xx_hal.o
 .ARM.attributes
                0x0000000000000143       0x34 ./Drivers/STM32G4xx_HAL_Driver/Src/stm32g4xx_hal_cortex.o
 .ARM.attributes
                0x0000000000000177       0x34 ./Drivers/STM32G4xx_HAL_Driver/Src/stm32g4xx_hal_dma.o
 .ARM.attributes
                0x00000000000001ab       0x34 ./Drivers/STM32G4xx_HAL_Driver/Src/stm32g4xx_hal_gpio.o
 .ARM.attributes
                0x00000000000001df       0x34 ./Drivers/STM32G4xx_HAL_Driver/Src/stm32g4xx_hal_pcd.o
 .ARM.attributes
                0x0000000000000213       0x34 ./Drivers/STM32G4xx_HAL_Driver/Src/stm32g4xx_hal_pwr_ex.o
 .ARM.attributes
                0x0000000000000247       0x34 ./Drivers/STM32G4xx_HAL_Driver/Src/stm32g4xx_hal_rcc.o
 .ARM.attributes
                0x000000000000027b       0x34 ./Drivers/STM32G4xx_HAL_Driver/Src/stm32g4xx_hal_tim.o
 .ARM.attributes
                0x00000000000002af       0x34 ./Drivers/STM32G4xx_HAL_Driver/Src/stm32g4xx_hal_tim_ex.o
 .ARM.attributes
                0x00000000000002e3       0x34 ./Drivers/STM32G4xx_HAL_Driver/Src/stm32g4xx_ll_usb.o
 .ARM.attributes
                0x0000000000000317       0x34 ./Middlewares/ST/STM32_USB_Device_Library/Core/Src/usbd_core.o
 .ARM.attributes
                0x000000000000034b       0x34 ./Middlewares/ST/STM32_USB_Device_Library/Core/Src/usbd_ctlreq.o
 .ARM.attributes
                0x000000000000037f       0x34 ./Middlewares/ST/STM32_USB_Device_Library/Core/Src/usbd_ioreq.o
 .ARM.attributes
                0x00000000000003b3       0x34 ./USB_Device/Target/usbd_conf.o
 .ARM.attributes
                0x00000000000003e7       0x34 c:/st/stm32cubeide_1.10.1/stm32cubeide/plugins/com.st.stm32cube.ide.mcu.externaltools.gnu-tools-for-stm32.10.3-2021.10.win32_1.0.0.202111181127/tools/bin/../lib/gcc/arm-none-eabi/10.3.1/../../../../arm-none-eabi/lib/thumb/v7e-m+fp/hard\libc_nano.a(lib_a-init.o)
 .ARM.attributes
                0x000000000000041b       0x34 c:/st/stm32cubeide_1.10.1/stm32cubeide/plugins/com.st.stm32cube.ide.mcu.externaltools.gnu-tools-for-stm32.10.3-2021.10.win32_1.0.0.202111181127/tools/bin/../lib/gcc/arm-none-eabi/10.3.1/../../../../arm-none-eabi/lib/thumb/v7e-m+fp/hard\libc_nano.a(lib_a-memset.o)
 .ARM.attributes
                0x000000000000044f       0x1e c:/st/stm32cubeide_1.10.1/stm32cubeide/plugins/com.st.stm32cube.ide.mcu.externaltools.gnu-tools-for-stm32.10.3-2021.10.win32_1.0.0.202111181127/tools/bin/../lib/gcc/arm-none-eabi/10.3.1/thumb/v7e-m+fp/hard/crtn.o
OUTPUT(kivipallur_firmware_3.0.elf elf32-littlearm)
LOAD linker stubs
LOAD c:/st/stm32cubeide_1.10.1/stm32cubeide/plugins/com.st.stm32cube.ide.mcu.externaltools.gnu-tools-for-stm32.10.3-2021.10.win32_1.0.0.202111181127/tools/bin/../lib/gcc/arm-none-eabi/10.3.1/../../../../arm-none-eabi/lib/thumb/v7e-m+fp/hard\libc.a
LOAD c:/st/stm32cubeide_1.10.1/stm32cubeide/plugins/com.st.stm32cube.ide.mcu.externaltools.gnu-tools-for-stm32.10.3-2021.10.win32_1.0.0.202111181127/tools/bin/../lib/gcc/arm-none-eabi/10.3.1/../../../../arm-none-eabi/lib/thumb/v7e-m+fp/hard\libm.a
LOAD c:/st/stm32cubeide_1.10.1/stm32cubeide/plugins/com.st.stm32cube.ide.mcu.externaltools.gnu-tools-for-stm32.10.3-2021.10.win32_1.0.0.202111181127/tools/bin/../lib/gcc/arm-none-eabi/10.3.1/thumb/v7e-m+fp/hard\libgcc.a

.comment        0x0000000000000000       0x50
 .comment       0x0000000000000000       0x50 ./Core/Src/main.o
                                         0x51 (size before relaxing)
 .comment       0x0000000000000050       0x51 ./Core/Src/stm32g4xx_it.o
 .comment       0x0000000000000050       0x51 ./Core/Src/system_stm32g4xx.o
 .comment       0x0000000000000050       0x51 ./Drivers/STM32G4xx_HAL_Driver/Src/stm32g4xx_hal.o
 .comment       0x0000000000000050       0x51 ./Drivers/STM32G4xx_HAL_Driver/Src/stm32g4xx_hal_cortex.o
 .comment       0x0000000000000050       0x51 ./Drivers/STM32G4xx_HAL_Driver/Src/stm32g4xx_hal_dma.o
 .comment       0x0000000000000050       0x51 ./Drivers/STM32G4xx_HAL_Driver/Src/stm32g4xx_hal_gpio.o
 .comment       0x0000000000000050       0x51 ./Drivers/STM32G4xx_HAL_Driver/Src/stm32g4xx_hal_pcd.o
 .comment       0x0000000000000050       0x51 ./Drivers/STM32G4xx_HAL_Driver/Src/stm32g4xx_hal_pwr_ex.o
 .comment       0x0000000000000050       0x51 ./Drivers/STM32G4xx_HAL_Driver/Src/stm32g4xx_hal_rcc.o
 .comment       0x0000000000000050       0x51 ./Drivers/STM32G4xx_HAL_Driver/Src/stm32g4xx_hal_tim.o
 .comment       0x0000000000000050       0x51 ./Drivers/STM32G4xx_HAL_Driver/Src/stm32g4xx_hal_tim_ex.o
 .comment       0x0000000000000050       0x51 ./Drivers/STM32G4xx_HAL_Driver/Src/stm32g4xx_ll_usb.o
 .comment       0x0000000000000050       0x51 ./Middlewares/ST/STM32_USB_Device_Library/Core/Src/usbd_core.o
 .comment       0x0000000000000050       0x51 ./Middlewares/ST/STM32_USB_Device_Library/Core/Src/usbd_ctlreq.o
 .comment       0x0000000000000050       0x51 ./Middlewares/ST/STM32_USB_Device_Library/Core/Src/usbd_ioreq.o
 .comment       0x0000000000000050       0x51 ./USB_Device/Target/usbd_conf.o

.debug_frame    0x0000000000000000       0x4c
 .debug_frame   0x0000000000000000       0x2c c:/st/stm32cubeide_1.10.1/stm32cubeide/plugins/com.st.stm32cube.ide.mcu.externaltools.gnu-tools-for-stm32.10.3-2021.10.win32_1.0.0.202111181127/tools/bin/../lib/gcc/arm-none-eabi/10.3.1/../../../../arm-none-eabi/lib/thumb/v7e-m+fp/hard\libc_nano.a(lib_a-init.o)
 .debug_frame   0x000000000000002c       0x20 c:/st/stm32cubeide_1.10.1/stm32cubeide/plugins/com.st.stm32cube.ide.mcu.externaltools.gnu-tools-for-stm32.10.3-2021.10.win32_1.0.0.202111181127/tools/bin/../lib/gcc/arm-none-eabi/10.3.1/../../../../arm-none-eabi/lib/thumb/v7e-m+fp/hard\libc_nano.a(lib_a-memset.o)
