../USB_Device/Target/usbd_conf.c:72:6:HAL_PCD_MspInit	88	static
../USB_Device/Target/usbd_conf.c:105:6:HAL_PCD_MspDeInit	16	static
../USB_Device/Target/usbd_conf.c:133:6:HAL_PCD_SetupStageCallback	16	static
../USB_Device/Target/usbd_conf.c:154:6:HAL_PCD_DataOutStageCallback	16	static
../USB_Device/Target/usbd_conf.c:175:6:HAL_PCD_DataInStageCallback	16	static
../USB_Device/Target/usbd_conf.c:195:6:HAL_PCD_SOFCallback	16	static
../USB_Device/Target/usbd_conf.c:215:6:HAL_PCD_ResetCallback	24	static
../USB_Device/Target/usbd_conf.c:246:6:HAL_PCD_SuspendCallback	16	static
../USB_Device/Target/usbd_conf.c:276:6:HAL_PCD_ResumeCallback	16	static
../USB_Device/Target/usbd_conf.c:307:6:HAL_PCD_ISOOUTIncompleteCallback	16	static
../USB_Device/Target/usbd_conf.c:328:6:HAL_PCD_ISOINIncompleteCallback	16	static
../USB_Device/Target/usbd_conf.c:348:6:HAL_PCD_ConnectCallback	16	static
../USB_Device/Target/usbd_conf.c:368:6:HAL_PCD_DisconnectCallback	16	static
../USB_Device/Target/usbd_conf.c:393:20:USBD_LL_Init	16	static
../USB_Device/Target/usbd_conf.c:458:20:USBD_LL_DeInit	24	static
../USB_Device/Target/usbd_conf.c:475:20:USBD_LL_Start	24	static
../USB_Device/Target/usbd_conf.c:492:20:USBD_LL_Stop	24	static
../USB_Device/Target/usbd_conf.c:512:20:USBD_LL_OpenEP	24	static
../USB_Device/Target/usbd_conf.c:530:20:USBD_LL_CloseEP	24	static
../USB_Device/Target/usbd_conf.c:548:20:USBD_LL_FlushEP	24	static
../USB_Device/Target/usbd_conf.c:566:20:USBD_LL_StallEP	24	static
../USB_Device/Target/usbd_conf.c:584:20:USBD_LL_ClearStallEP	24	static
../USB_Device/Target/usbd_conf.c:602:9:USBD_LL_IsStallEP	24	static
../USB_Device/Target/usbd_conf.c:622:20:USBD_LL_SetUSBAddress	24	static
../USB_Device/Target/usbd_conf.c:642:20:USBD_LL_Transmit	32	static
../USB_Device/Target/usbd_conf.c:662:20:USBD_LL_PrepareReceive	32	static
../USB_Device/Target/usbd_conf.c:680:10:USBD_LL_GetRxDataSize	16	static
../USB_Device/Target/usbd_conf.c:694:6:HAL_PCDEx_LPM_Callback	16	static
../USB_Device/Target/usbd_conf.c:730:6:USBD_LL_Delay	16	static
../USB_Device/Target/usbd_conf.c:740:7:USBD_static_malloc	16	static
../USB_Device/Target/usbd_conf.c:751:6:USBD_static_free	16	static
../USB_Device/Target/usbd_conf.c:762:13:SystemClockConfig_Resume	8	static
../USB_Device/Target/usbd_conf.c:773:20:USBD_Get_USB_Status	24	static
