../Core/Src/main.c:157:9:clamp	24	static
../Core/Src/main.c:169:6:CDC_On_Receive	16	static
../Core/Src/main.c:183:9:PIDcontrol	24	static
../Core/Src/main.c:195:6:Thrower_Send	16	static
../Core/Src/main.c:242:6:HAL_TIM_PeriodElapsedCallback	32	static
../Core/Src/main.c:282:6:wake_drivers_up	16	static,ignoring_inline_asm
../Core/Src/main.c:295:5:main	8	static
../Core/Src/main.c:448:6:SystemClock_Config	88	static
../Core/Src/main.c:494:13:MX_ADC1_Init	56	static
../Core/Src/main.c:559:13:MX_CRC_Init	8	static
../Core/Src/main.c:590:13:MX_RTC_Init	8	static
../Core/Src/main.c:626:13:MX_TIM1_Init	104	static
../Core/Src/main.c:698:13:MX_TIM2_Init	48	static
../Core/Src/main.c:751:13:MX_TIM3_Init	56	static
../Core/Src/main.c:800:13:MX_TIM4_Init	56	static
../Core/Src/main.c:849:13:MX_TIM6_Init	24	static
../Core/Src/main.c:887:13:MX_TIM8_Init	56	static
../Core/Src/main.c:938:13:MX_TIM15_Init	104	static
../Core/Src/main.c:1004:13:MX_TIM16_Init	88	static
../Core/Src/main.c:1067:13:MX_TIM17_Init	88	static
../Core/Src/main.c:1128:13:MX_DMA_Init	16	static
../Core/Src/main.c:1147:13:MX_GPIO_Init	40	static
../Core/Src/main.c:1206:6:Error_Handler	4	static,ignoring_inline_asm
