../Core/Src/main.c:157:9:clamp	24	static
../Core/Src/main.c:169:6:CDC_On_Receive	16	static
../Core/Src/main.c:183:9:PIDcontrol	24	static
../Core/Src/main.c:195:6:Thrower_Send	48	static
../Core/Src/main.c:235:6:HAL_TIM_PeriodElapsedCallback	24	static
../Core/Src/main.c:275:6:wake_drivers_up	16	static,ignoring_inline_asm
../Core/Src/main.c:288:5:main	8	static
../Core/Src/main.c:434:6:SystemClock_Config	88	static
../Core/Src/main.c:480:13:MX_ADC1_Init	56	static
../Core/Src/main.c:545:13:MX_CRC_Init	8	static
../Core/Src/main.c:576:13:MX_RTC_Init	8	static
../Core/Src/main.c:612:13:MX_TIM1_Init	104	static
../Core/Src/main.c:688:13:MX_TIM2_Init	48	static
../Core/Src/main.c:749:13:MX_TIM3_Init	56	static
../Core/Src/main.c:798:13:MX_TIM4_Init	56	static
../Core/Src/main.c:847:13:MX_TIM6_Init	24	static
../Core/Src/main.c:885:13:MX_TIM8_Init	56	static
../Core/Src/main.c:936:13:MX_TIM15_Init	104	static
../Core/Src/main.c:1002:13:MX_TIM16_Init	88	static
../Core/Src/main.c:1065:13:MX_TIM17_Init	88	static
../Core/Src/main.c:1126:13:MX_DMA_Init	16	static
../Core/Src/main.c:1145:13:MX_GPIO_Init	40	static
../Core/Src/main.c:1204:6:Error_Handler	4	static,ignoring_inline_asm
