Archive member included to satisfy reference by file (symbol)

c:/st/stm32cubeide_1.10.1/stm32cubeide/plugins/com.st.stm32cube.ide.mcu.externaltools.gnu-tools-for-stm32.10.3-2021.10.win32_1.0.0.202111181127/tools/bin/../lib/gcc/arm-none-eabi/10.3.1/../../../../arm-none-eabi/lib/thumb/v7e-m+fp/hard\libc_nano.a(lib_a-errno.o)
                              ./Core/Src/syscalls.o (__errno)
c:/st/stm32cubeide_1.10.1/stm32cubeide/plugins/com.st.stm32cube.ide.mcu.externaltools.gnu-tools-for-stm32.10.3-2021.10.win32_1.0.0.202111181127/tools/bin/../lib/gcc/arm-none-eabi/10.3.1/../../../../arm-none-eabi/lib/thumb/v7e-m+fp/hard\libc_nano.a(lib_a-exit.o)
                              c:/st/stm32cubeide_1.10.1/stm32cubeide/plugins/com.st.stm32cube.ide.mcu.externaltools.gnu-tools-for-stm32.10.3-2021.10.win32_1.0.0.202111181127/tools/bin/../lib/gcc/arm-none-eabi/10.3.1/../../../../arm-none-eabi/lib/thumb/v7e-m+fp/hard/crt0.o (exit)
c:/st/stm32cubeide_1.10.1/stm32cubeide/plugins/com.st.stm32cube.ide.mcu.externaltools.gnu-tools-for-stm32.10.3-2021.10.win32_1.0.0.202111181127/tools/bin/../lib/gcc/arm-none-eabi/10.3.1/../../../../arm-none-eabi/lib/thumb/v7e-m+fp/hard\libc_nano.a(lib_a-impure.o)
                              c:/st/stm32cubeide_1.10.1/stm32cubeide/plugins/com.st.stm32cube.ide.mcu.externaltools.gnu-tools-for-stm32.10.3-2021.10.win32_1.0.0.202111181127/tools/bin/../lib/gcc/arm-none-eabi/10.3.1/../../../../arm-none-eabi/lib/thumb/v7e-m+fp/hard\libc_nano.a(lib_a-exit.o) (_global_impure_ptr)
c:/st/stm32cubeide_1.10.1/stm32cubeide/plugins/com.st.stm32cube.ide.mcu.externaltools.gnu-tools-for-stm32.10.3-2021.10.win32_1.0.0.202111181127/tools/bin/../lib/gcc/arm-none-eabi/10.3.1/../../../../arm-none-eabi/lib/thumb/v7e-m+fp/hard\libc_nano.a(lib_a-init.o)
                              c:/st/stm32cubeide_1.10.1/stm32cubeide/plugins/com.st.stm32cube.ide.mcu.externaltools.gnu-tools-for-stm32.10.3-2021.10.win32_1.0.0.202111181127/tools/bin/../lib/gcc/arm-none-eabi/10.3.1/../../../../arm-none-eabi/lib/thumb/v7e-m+fp/hard/crt0.o (__libc_init_array)
c:/st/stm32cubeide_1.10.1/stm32cubeide/plugins/com.st.stm32cube.ide.mcu.externaltools.gnu-tools-for-stm32.10.3-2021.10.win32_1.0.0.202111181127/tools/bin/../lib/gcc/arm-none-eabi/10.3.1/../../../../arm-none-eabi/lib/thumb/v7e-m+fp/hard\libc_nano.a(lib_a-memcpy-stub.o)
                              ./Core/Src/main.o (memcpy)
c:/st/stm32cubeide_1.10.1/stm32cubeide/plugins/com.st.stm32cube.ide.mcu.externaltools.gnu-tools-for-stm32.10.3-2021.10.win32_1.0.0.202111181127/tools/bin/../lib/gcc/arm-none-eabi/10.3.1/../../../../arm-none-eabi/lib/thumb/v7e-m+fp/hard\libc_nano.a(lib_a-memset.o)
                              c:/st/stm32cubeide_1.10.1/stm32cubeide/plugins/com.st.stm32cube.ide.mcu.externaltools.gnu-tools-for-stm32.10.3-2021.10.win32_1.0.0.202111181127/tools/bin/../lib/gcc/arm-none-eabi/10.3.1/../../../../arm-none-eabi/lib/thumb/v7e-m+fp/hard/crt0.o (memset)

Discarded input sections

 .text          0x0000000000000000        0x0 c:/st/stm32cubeide_1.10.1/stm32cubeide/plugins/com.st.stm32cube.ide.mcu.externaltools.gnu-tools-for-stm32.10.3-2021.10.win32_1.0.0.202111181127/tools/bin/../lib/gcc/arm-none-eabi/10.3.1/thumb/v7e-m+fp/hard/crti.o
 .data          0x0000000000000000        0x0 c:/st/stm32cubeide_1.10.1/stm32cubeide/plugins/com.st.stm32cube.ide.mcu.externaltools.gnu-tools-for-stm32.10.3-2021.10.win32_1.0.0.202111181127/tools/bin/../lib/gcc/arm-none-eabi/10.3.1/thumb/v7e-m+fp/hard/crti.o
 .bss           0x0000000000000000        0x0 c:/st/stm32cubeide_1.10.1/stm32cubeide/plugins/com.st.stm32cube.ide.mcu.externaltools.gnu-tools-for-stm32.10.3-2021.10.win32_1.0.0.202111181127/tools/bin/../lib/gcc/arm-none-eabi/10.3.1/thumb/v7e-m+fp/hard/crti.o
 .data          0x0000000000000000        0x4 c:/st/stm32cubeide_1.10.1/stm32cubeide/plugins/com.st.stm32cube.ide.mcu.externaltools.gnu-tools-for-stm32.10.3-2021.10.win32_1.0.0.202111181127/tools/bin/../lib/gcc/arm-none-eabi/10.3.1/thumb/v7e-m+fp/hard/crtbegin.o
 .rodata        0x0000000000000000       0x24 c:/st/stm32cubeide_1.10.1/stm32cubeide/plugins/com.st.stm32cube.ide.mcu.externaltools.gnu-tools-for-stm32.10.3-2021.10.win32_1.0.0.202111181127/tools/bin/../lib/gcc/arm-none-eabi/10.3.1/thumb/v7e-m+fp/hard/crtbegin.o
 .text          0x0000000000000000       0x7c c:/st/stm32cubeide_1.10.1/stm32cubeide/plugins/com.st.stm32cube.ide.mcu.externaltools.gnu-tools-for-stm32.10.3-2021.10.win32_1.0.0.202111181127/tools/bin/../lib/gcc/arm-none-eabi/10.3.1/../../../../arm-none-eabi/lib/thumb/v7e-m+fp/hard/crt0.o
 .data          0x0000000000000000        0x0 c:/st/stm32cubeide_1.10.1/stm32cubeide/plugins/com.st.stm32cube.ide.mcu.externaltools.gnu-tools-for-stm32.10.3-2021.10.win32_1.0.0.202111181127/tools/bin/../lib/gcc/arm-none-eabi/10.3.1/../../../../arm-none-eabi/lib/thumb/v7e-m+fp/hard/crt0.o
[...]
Memory Configuration

Name             Origin             Length             Attributes
RAM              0x0000000020000000 0x0000000000008000 xrw
FLASH            0x0000000008000000 0x0000000000020000 xr
*default*        0x0000000000000000 0xffffffffffffffff

Linker script and memory map

LOAD c:/st/stm32cubeide_1.10.1/stm32cubeide/plugins/com.st.stm32cube.ide.mcu.externaltools.gnu-tools-for-stm32.10.3-2021.10.win32_1.0.0.202111181127/tools/bin/../lib/gcc/arm-none-eabi/10.3.1/thumb/v7e-m+fp/hard/crti.o
LOAD c:/st/stm32cubeide_1.10.1/stm32cubeide/plugins/com.st.stm32cube.ide.mcu.externaltools.gnu-tools-for-stm32.10.3-2021.10.win32_1.0.0.202111181127/tools/bin/../lib/gcc/arm-none-eabi/10.3.1/thumb/v7e-m+fp/hard/crtbegin.o
LOAD c:/st/stm32cubeide_1.10.1/stm32cubeide/plugins/com.st.stm32cube.ide.mcu.externaltools.gnu-tools-for-stm32.10.3-2021.10.win32_1.0.0.202111181127/tools/bin/../lib/gcc/arm-none-eabi/10.3.1/../../../../arm-none-eabi/lib/thumb/v7e-m+fp/hard/crt0.o
LOAD ./Core/Src/main.o
LOAD ./Core/Src/stm32g4xx_hal_msp.o
LOAD ./Core/Src/stm32g4xx_it.o
LOAD ./Core/Src/syscalls.o
LOAD ./Core/Src/sysmem.o
LOAD ./Core/Src/system_stm32g4xx.o
LOAD ./Core/Startup/startup_stm32g441kbtx.o
LOAD ./Drivers/STM32G4xx_HAL_Driver/Src/stm32g4xx_hal.o
LOAD ./Drivers/STM32G4xx_HAL_Driver/Src/stm32g4xx_hal_adc.o
LOAD ./Drivers/STM32G4xx_HAL_Driver/Src/stm32g4xx_hal_adc_ex.o
LOAD ./Drivers/STM32G4xx_HAL_Driver/Src/stm32g4xx_hal_cortex.o
LOAD ./Drivers/STM32G4xx_HAL_Driver/Src/stm32g4xx_hal_crc.o
LOAD ./Drivers/STM32G4xx_HAL_Driver/Src/stm32g4xx_hal_crc_ex.o
LOAD ./Drivers/STM32G4xx_HAL_Driver/Src/stm32g4xx_hal_dma.o
LOAD ./Drivers/STM32G4xx_HAL_Driver/Src/stm32g4xx_hal_dma_ex.o
LOAD ./Drivers/STM32G4xx_HAL_Driver/Src/stm32g4xx_hal_exti.o
LOAD ./Drivers/STM32G4xx_HAL_Driver/Src/stm32g4xx_hal_flash.o
LOAD ./Drivers/STM32G4xx_HAL_Driver/Src/stm32g4xx_hal_flash_ex.o
LOAD ./Drivers/STM32G4xx_HAL_Driver/Src/stm32g4xx_hal_flash_ramfunc.o
LOAD ./Drivers/STM32G4xx_HAL_Driver/Src/stm32g4xx_hal_gpio.o
LOAD ./Drivers/STM32G4xx_HAL_Driver/Src/stm32g4xx_hal_pcd.o
LOAD ./Drivers/STM32G4xx_HAL_Driver/Src/stm32g4xx_hal_pcd_ex.o
LOAD ./Drivers/STM32G4xx_HAL_Driver/Src/stm32g4xx_hal_pwr.o
LOAD ./Drivers/STM32G4xx_HAL_Driver/Src/stm32g4xx_hal_pwr_ex.o
LOAD ./Drivers/STM32G4xx_HAL_Driver/Src/stm32g4xx_hal_rcc.o
LOAD ./Drivers/STM32G4xx_HAL_Driver/Src/stm32g4xx_hal_rcc_ex.o
LOAD ./Drivers/STM32G4xx_HAL_Driver/Src/stm32g4xx_hal_rtc.o
LOAD ./Drivers/STM32G4xx_HAL_Driver/Src/stm32g4xx_hal_rtc_ex.o
LOAD ./Drivers/STM32G4xx_HAL_Driver/Src/stm32g4xx_hal_tim.o
LOAD ./Drivers/STM32G4xx_HAL_Driver/Src/stm32g4xx_hal_tim_ex.o
LOAD ./Drivers/STM32G4xx_HAL_Driver/Src/stm32g4xx_ll_adc.o
LOAD ./Drivers/STM32G4xx_HAL_Driver/Src/stm32g4xx_ll_usb.o
LOAD ./Middlewares/ST/STM32_USB_Device_Library/Class/CDC/Src/usbd_cdc.o
LOAD ./Middlewares/ST/STM32_USB_Device_Library/Core/Src/usbd_core.o
LOAD ./Middlewares/ST/STM32_USB_Device_Library/Core/Src/usbd_ctlreq.o
LOAD ./Middlewares/ST/STM32_USB_Device_Library/Core/Src/usbd_ioreq.o
LOAD ./USB_Device/App/usb_device.o
LOAD ./USB_Device/App/usbd_cdc_if.o
LOAD ./USB_Device/App/usbd_desc.o
LOAD ./USB_Device/Target/usbd_conf.o
START GROUP
LOAD c:/st/stm32cubeide_1.10.1/stm32cubeide/plugins/com.st.stm32cube.ide.mcu.externaltools.gnu-tools-for-stm32.10.3-2021.10.win32_1.0.0.202111181127/tools/bin/../lib/gcc/arm-none-eabi/10.3.1/../../../../arm-none-eabi/lib/thumb/v7e-m+fp/hard\libc_nano.a
LOAD c:/st/stm32cubeide_1.10.1/stm32cubeide/plugins/com.st.stm32cube.ide.mcu.externaltools.gnu-tools-for-stm32.10.3-2021.10.win32_1.0.0.202111181127/tools/bin/../lib/gcc/arm-none-eabi/10.3.1/../../../../arm-none-eabi/lib/thumb/v7e-m+fp/hard\libm.a
END GROUP
START GROUP
LOAD c:/st/stm32cubeide_1.10.1/stm32cubeide/plugins/com.st.stm32cube.ide.mcu.externaltools.gnu-tools-for-stm32.10.3-2021.10.win32_1.0.0.202111181127/tools/bin/../lib/gcc/arm-none-eabi/10.3.1/thumb/v7e-m+fp/hard\libgcc.a
LOAD c:/st/stm32cubeide_1.10.1/stm32cubeide/plugins/com.st.stm32cube.ide.mcu.externaltools.gnu-tools-for-stm32.10.3-2021.10.win32_1.0.0.202111181127/tools/bin/../lib/gcc/arm-none-eabi/10.3.1/../../../../arm-none-eabi/lib/thumb/v7e-m+fp/hard\libc_nano.a
END GROUP
START GROUP
LOAD c:/st/stm32cubeide_1.10.1/stm32cubeide/plugins/com.st.stm32cube.ide.mcu.externaltools.gnu-tools-for-stm32.10.3-2021.10.win32_1.0.0.202111181127/tools/bin/../lib/gcc/arm-none-eabi/10.3.1/thumb/v7e-m+fp/hard\libgcc.a
LOAD c:/st/stm32cubeide_1.10.1/stm32cubeide/plugins/com.st.stm32cube.ide.mcu.externaltools.gnu-tools-for-stm32.10.3-2021.10.win32_1.0.0.202111181127/tools/bin/../lib/gcc/arm-none-eabi/10.3.1/../../../../arm-none-eabi/lib/thumb/v7e-m+fp/hard\libc_nano.a
LOAD c:/st/stm32cubeide_1.10.1/stm32cubeide/plugins/com.st.stm32cube.ide.mcu.externaltools.gnu-tools-for-stm32.10.3-2021.10.win32_1.0.0.202111181127/tools/bin/../lib/gcc/arm-none-eabi/10.3.1/../../../../arm-none-eabi/lib/thumb/v7e-m+fp/hard\libnosys.a
END GROUP
START GROUP
LOAD c:/st/stm32cubeide_1.10.1/stm32cubeide/plugins/com.st.stm32cube.ide.mcu.externaltools.gnu-tools-for-stm32.10.3-2021.10.win32_1.0.0.202111181127/tools/bin/../lib/gcc/arm-none-eabi/10.3.1/thumb/v7e-m+fp/hard\libgcc.a
LOAD c:/st/stm32cubeide_1.10.1/stm32cubeide/plugins/com.st.stm32cube.ide.mcu.externaltools.gnu-tools-for-stm32.10.3-2021.10.win32_1.0.0.202111181127/tools/bin/../lib/gcc/arm-none-eabi/10.3.1/../../../../arm-none-eabi/lib/thumb/v7e-m+fp/hard\libc_nano.a
LOAD c:/st/stm32cubeide_1.10.1/stm32cubeide/plugins/com.st.stm32cube.ide.mcu.externaltools.gnu-tools-for-stm32.10.3-2021.10.win32_1.0.0.202111181127/tools/bin/../lib/gcc/arm-none-eabi/10.3.1/../../../../arm-none-eabi/lib/thumb/v7e-m+fp/hard\libnosys.a
END GROUP
LOAD c:/st/stm32cubeide_1.10.1/stm32cubeide/plugins/com.st.stm32cube.ide.mcu.externaltools.gnu-tools-for-stm32.10.3-2021.10.win32_1.0.0.202111181127/tools/bin/../lib/gcc/arm-none-eabi/10.3.1/thumb/v7e-m+fp/hard/crtend.o
LOAD c:/st/stm32cubeide_1.10.1/stm32cubeide/plugins/com.st.stm32cube.ide.mcu.externaltools.gnu-tools-for-stm32.10.3-2021.10.win32_1.0.0.202111181127/tools/bin/../lib/gcc/arm-none-eabi/10.3.1/thumb/v7e-m+fp/hard/crtn.o
                0x0000000020008000                _estack = (ORIGIN (RAM) + LENGTH (RAM))
                0x0000000000000200                _Min_Heap_Size = 0x200
                0x0000000000000400                _Min_Stack_Size = 0x400

.isr_vector     0x0000000008000000      0x1d8
                0x0000000008000000                . = ALIGN (0x4)
 *(.isr_vector)
 .isr_vector    0x0000000008000000      0x1d8 ./Core/Startup/startup_stm32g441kbtx.o
                0x0000000008000000                g_pfnVectors
                0x00000000080001d8                . = ALIGN (0x4)

.text           0x00000000080001d8     0xbcf0
                0x00000000080001d8                . = ALIGN (0x4)
 *(.text)
 .text          0x00000000080001d8       0x40 c:/st/stm32cubeide_1.10.1/stm32cubeide/plugins/com.st.stm32cube.ide.mcu.externaltools.gnu-tools-for-stm32.10.3-2021.10.win32_1.0.0.202111181127/tools/bin/../lib/gcc/arm-none-eabi/10.3.1/thumb/v7e-m+fp/hard/crtbegin.o
 *(.text*)
 .text.clamp    0x0000000008000218       0x32 ./Core/Src/main.o
                0x0000000008000218                clamp
 *fill*         0x000000000800024a        0x2 
 .text.CDC_On_Receive
                0x000000000800024c       0x54 ./Core/Src/main.o
                0x000000000800024c                CDC_On_Receive
 .text.PIDcontrol
                0x00000000080002a0       0x70 ./Core/Src/main.o
                0x00000000080002a0                PIDcontrol
 .text.Thrower_Send
                0x0000000008000310       0x1a ./Core/Src/main.o
                0x0000000008000310                Thrower_Send
 *fill*         0x000000000800032a        0x2 
 .text.HAL_TIM_PeriodElapsedCallback
                0x000000000800032c      0x170 ./Core/Src/main.o
                0x000000000800032c                HAL_TIM_PeriodElapsedCallback
 .text.wake_drivers_up
                0x000000000800049c       0x3c ./Core/Src/main.o
                0x000000000800049c                wake_drivers_up
 .text.main     0x00000000080004d8      0x164 ./Core/Src/main.o
                0x00000000080004d8                main
 .text.SystemClock_Config
                0x000000000800063c       0x9c ./Core/Src/main.o
                0x000000000800063c                SystemClock_Config
 .text.MX_ADC1_Init
                0x00000000080006d8       0xf0 ./Core/Src/main.o
 .text.MX_CRC_Init
                0x00000000080007c8       0x44 ./Core/Src/main.o
 .text.MX_RTC_Init
                0x000000000800080c       0x58 ./Core/Src/main.o
 .text.MX_TIM1_Init
                0x0000000008000864      0x128 ./Core/Src/main.o
 .text.MX_TIM2_Init
                0x000000000800098c       0xc8 ./Core/Src/main.o
 .text.MX_TIM3_Init
                0x0000000008000a54       0xac ./Core/Src/main.o
 .text.MX_TIM4_Init
                0x0000000008000b00       0xac ./Core/Src/main.o
 .text.MX_TIM6_Init
                0x0000000008000bac       0x6c ./Core/Src/main.o
 .text.MX_TIM8_Init
                0x0000000008000c18       0xb4 ./Core/Src/main.o
 .text.MX_TIM15_Init
                0x0000000008000ccc      0x10c ./Core/Src/main.o
 .text.MX_TIM16_Init
                0x0000000008000dd8       0xf4 ./Core/Src/main.o
 .text.MX_TIM17_Init
                0x0000000008000ecc       0xf4 ./Core/Src/main.o
 .text.MX_DMA_Init
                0x0000000008000fc0       0x54 ./Core/Src/main.o
 .text.MX_GPIO_Init
                0x0000000008001014      0x118 ./Core/Src/main.o
 .text.Error_Handler
                0x000000000800112c        0xa ./Core/Src/main.o
                0x000000000800112c                Error_Handler
 *fill*         0x0000000008001136        0x2 
 .text.HAL_MspInit
                0x0000000008001138       0x48 ./Core/Src/stm32g4xx_hal_msp.o
                0x0000000008001138                HAL_MspInit
 .text.HAL_ADC_MspInit
                0x0000000008001180       0xc4 ./Core/Src/stm32g4xx_hal_msp.o
                0x0000000008001180                HAL_ADC_MspInit
 .text.HAL_CRC_MspInit
                0x0000000008001244       0x40 ./Core/Src/stm32g4xx_hal_msp.o
                0x0000000008001244                HAL_CRC_MspInit
 .text.HAL_RTC_MspInit
                0x0000000008001284       0x78 ./Core/Src/stm32g4xx_hal_msp.o
                0x0000000008001284                HAL_RTC_MspInit
 .text.HAL_TIM_PWM_MspInit
                0x00000000080012fc       0x8c ./Core/Src/stm32g4xx_hal_msp.o
                0x00000000080012fc                HAL_TIM_PWM_MspInit
 .text.HAL_TIM_Encoder_MspInit
                0x0000000008001388      0x184 ./Core/Src/stm32g4xx_hal_msp.o
                0x0000000008001388                HAL_TIM_Encoder_MspInit
 .text.HAL_TIM_Base_MspInit
                0x000000000800150c       0x9c ./Core/Src/stm32g4xx_hal_msp.o
                0x000000000800150c                HAL_TIM_Base_MspInit
 .text.HAL_TIM_MspPostInit
                0x00000000080015a8      0x1b8 ./Core/Src/stm32g4xx_hal_msp.o
                0x00000000080015a8                HAL_TIM_MspPostInit
 .text.NMI_Handler
                0x0000000008001760        0x6 ./Core/Src/stm32g4xx_it.o
                0x0000000008001760                NMI_Handler
 .text.HardFault_Handler
                0x0000000008001766        0x6 ./Core/Src/stm32g4xx_it.o
                0x0000000008001766                HardFault_Handler
 .text.MemManage_Handler
                0x000000000800176c        0x6 ./Core/Src/stm32g4xx_it.o
                0x000000000800176c                MemManage_Handler
 .text.BusFault_Handler
                0x0000000008001772        0x6 ./Core/Src/stm32g4xx_it.o
                0x0000000008001772                BusFault_Handler
 .text.UsageFault_Handler
                0x0000000008001778        0x6 ./Core/Src/stm32g4xx_it.o
                0x0000000008001778                UsageFault_Handler
 .text.SVC_Handler
                0x000000000800177e        0xe ./Core/Src/stm32g4xx_it.o
                0x000000000800177e                SVC_Handler
 .text.DebugMon_Handler
                0x000000000800178c        0xe ./Core/Src/stm32g4xx_it.o
                0x000000000800178c                DebugMon_Handler
 .text.PendSV_Handler
                0x000000000800179a        0xe ./Core/Src/stm32g4xx_it.o
                0x000000000800179a                PendSV_Handler
 .text.SysTick_Handler
                0x00000000080017a8        0xc ./Core/Src/stm32g4xx_it.o
                0x00000000080017a8                SysTick_Handler
 .text.DMA1_Channel1_IRQHandler
                0x00000000080017b4       0x14 ./Core/Src/stm32g4xx_it.o
                0x00000000080017b4                DMA1_Channel1_IRQHandler
 .text.USB_LP_IRQHandler
                0x00000000080017c8       0x14 ./Core/Src/stm32g4xx_it.o
                0x00000000080017c8                USB_LP_IRQHandler
 .text.EXTI9_5_IRQHandler
                0x00000000080017dc        0xe ./Core/Src/stm32g4xx_it.o
                0x00000000080017dc                EXTI9_5_IRQHandler
 *fill*         0x00000000080017ea        0x2 
 .text.TIM6_DAC_IRQHandler
                0x00000000080017ec       0x14 ./Core/Src/stm32g4xx_it.o
                0x00000000080017ec                TIM6_DAC_IRQHandler
 .text.SystemInit
                0x0000000008001800       0x24 ./Core/Src/system_stm32g4xx.o
                0x0000000008001800                SystemInit
 .text.Reset_Handler
                0x0000000008001824       0x50 ./Core/Startup/startup_stm32g441kbtx.o
                0x0000000008001824                Reset_Handler
 .text.Default_Handler
                0x0000000008001874        0x2 ./Core/Startup/startup_stm32g441kbtx.o
                0x0000000008001874                RTC_Alarm_IRQHandler
                0x0000000008001874                EXTI2_IRQHandler
                0x0000000008001874                TIM8_TRG_COM_IRQHandler
                0x0000000008001874                TIM8_CC_IRQHandler
                0x0000000008001874                TIM1_CC_IRQHandler
                0x0000000008001874                USB_HP_IRQHandler
                0x0000000008001874                CORDIC_IRQHandler
                0x0000000008001874                EXTI3_IRQHandler
                0x0000000008001874                I2C3_ER_IRQHandler
                0x0000000008001874                EXTI0_IRQHandler
                0x0000000008001874                I2C2_EV_IRQHandler
                0x0000000008001874                FPU_IRQHandler
                0x0000000008001874                FDCAN1_IT1_IRQHandler
                0x0000000008001874                TIM1_UP_TIM16_IRQHandler
                0x0000000008001874                ADC1_2_IRQHandler
                0x0000000008001874                SPI1_IRQHandler
                0x0000000008001874                TIM8_UP_IRQHandler
                0x0000000008001874                DMA2_Channel2_IRQHandler
                0x0000000008001874                DMA1_Channel4_IRQHandler
                0x0000000008001874                USART3_IRQHandler
                0x0000000008001874                TIM4_IRQHandler
                0x0000000008001874                DMA2_Channel1_IRQHandler
                0x0000000008001874                I2C1_EV_IRQHandler
                0x0000000008001874                DMA1_Channel6_IRQHandler
                0x0000000008001874                UART4_IRQHandler
                0x0000000008001874                DMA2_Channel4_IRQHandler
                0x0000000008001874                TIM3_IRQHandler
                0x0000000008001874                RCC_IRQHandler
                0x0000000008001874                Default_Handler
                0x0000000008001874                RTC_TAMP_LSECSS_IRQHandler
                0x0000000008001874                FMAC_IRQHandler
                0x0000000008001874                EXTI15_10_IRQHandler
                0x0000000008001874                TIM7_IRQHandler
                0x0000000008001874                UCPD1_IRQHandler
                0x0000000008001874                I2C3_EV_IRQHandler
                0x0000000008001874                RTC_WKUP_IRQHandler
                0x0000000008001874                PVD_PVM_IRQHandler
                0x0000000008001874                SPI2_IRQHandler
                0x0000000008001874                DMA2_Channel5_IRQHandler
                0x0000000008001874                CRS_IRQHandler
                0x0000000008001874                DMA1_Channel5_IRQHandler
                0x0000000008001874                EXTI4_IRQHandler
                0x0000000008001874                RNG_IRQHandler
                0x0000000008001874                TIM1_TRG_COM_TIM17_IRQHandler
                0x0000000008001874                DMA1_Channel3_IRQHandler
                0x0000000008001874                WWDG_IRQHandler
                0x0000000008001874                LPUART1_IRQHandler
                0x0000000008001874                DMA2_Channel6_IRQHandler
                0x0000000008001874                FDCAN1_IT0_IRQHandler
                0x0000000008001874                TIM2_IRQHandler
                0x0000000008001874                COMP1_2_3_IRQHandler
                0x0000000008001874                EXTI1_IRQHandler
                0x0000000008001874                AES_IRQHandler
                0x0000000008001874                USART2_IRQHandler
                0x0000000008001874                I2C2_ER_IRQHandler
                0x0000000008001874                DMA1_Channel2_IRQHandler
                0x0000000008001874                TIM8_BRK_IRQHandler
                0x0000000008001874                FLASH_IRQHandler
                0x0000000008001874                USART1_IRQHandler
                0x0000000008001874                SPI3_IRQHandler
                0x0000000008001874                I2C1_ER_IRQHandler
                0x0000000008001874                LPTIM1_IRQHandler
                0x0000000008001874                DMAMUX_OVR_IRQHandler
                0x0000000008001874                USBWakeUp_IRQHandler
                0x0000000008001874                SAI1_IRQHandler
                0x0000000008001874                DMA2_Channel3_IRQHandler
                0x0000000008001874                COMP4_IRQHandler
                0x0000000008001874                TIM1_BRK_TIM15_IRQHandler
 .text.HAL_Init
                0x0000000008001876       0x30 ./Drivers/STM32G4xx_HAL_Driver/Src/stm32g4xx_hal.o
                0x0000000008001876                HAL_Init
 *fill*         0x00000000080018a6        0x2 
 .text.HAL_InitTick
                0x00000000080018a8       0x74 ./Drivers/STM32G4xx_HAL_Driver/Src/stm32g4xx_hal.o
                0x00000000080018a8                HAL_InitTick
 .text.HAL_IncTick
                0x000000000800191c       0x24 ./Drivers/STM32G4xx_HAL_Driver/Src/stm32g4xx_hal.o
                0x000000000800191c                HAL_IncTick
 .text.HAL_GetTick
                0x0000000008001940       0x18 ./Drivers/STM32G4xx_HAL_Driver/Src/stm32g4xx_hal.o
                0x0000000008001940                HAL_GetTick
 .text.HAL_Delay
                0x0000000008001958       0x44 ./Drivers/STM32G4xx_HAL_Driver/Src/stm32g4xx_hal.o
                0x0000000008001958                HAL_Delay
 .text.LL_ADC_SetCommonClock
                0x000000000800199c       0x26 ./Drivers/STM32G4xx_HAL_Driver/Src/stm32g4xx_hal_adc.o
 .text.LL_ADC_SetCommonPathInternalCh
                0x00000000080019c2       0x26 ./Drivers/STM32G4xx_HAL_Driver/Src/stm32g4xx_hal_adc.o
 .text.LL_ADC_GetCommonPathInternalCh
                0x00000000080019e8       0x1c ./Drivers/STM32G4xx_HAL_Driver/Src/stm32g4xx_hal_adc.o
 .text.LL_ADC_SetOffset
                0x0000000008001a04       0x48 ./Drivers/STM32G4xx_HAL_Driver/Src/stm32g4xx_hal_adc.o
 .text.LL_ADC_GetOffsetChannel
                0x0000000008001a4c       0x2c ./Drivers/STM32G4xx_HAL_Driver/Src/stm32g4xx_hal_adc.o
 .text.LL_ADC_SetOffsetState
                0x0000000008001a78       0x36 ./Drivers/STM32G4xx_HAL_Driver/Src/stm32g4xx_hal_adc.o
 .text.LL_ADC_SetOffsetSign
                0x0000000008001aae       0x36 ./Drivers/STM32G4xx_HAL_Driver/Src/stm32g4xx_hal_adc.o
 .text.LL_ADC_SetOffsetSaturation
                0x0000000008001ae4       0x36 ./Drivers/STM32G4xx_HAL_Driver/Src/stm32g4xx_hal_adc.o
 .text.LL_ADC_SetSamplingTimeCommonConfig
                0x0000000008001b1a       0x26 ./Drivers/STM32G4xx_HAL_Driver/Src/stm32g4xx_hal_adc.o
 .text.LL_ADC_REG_SetSequencerRanks
                0x0000000008001b40       0x58 ./Drivers/STM32G4xx_HAL_Driver/Src/stm32g4xx_hal_adc.o
 .text.LL_ADC_SetChannelSamplingTime
                0x0000000008001b98       0x56 ./Drivers/STM32G4xx_HAL_Driver/Src/stm32g4xx_hal_adc.o
 *fill*         0x0000000008001bee        0x2 
 .text.LL_ADC_SetChannelSingleDiff
                0x0000000008001bf0       0x50 ./Drivers/STM32G4xx_HAL_Driver/Src/stm32g4xx_hal_adc.o
 .text.LL_ADC_DisableDeepPowerDown
                0x0000000008001c40       0x24 ./Drivers/STM32G4xx_HAL_Driver/Src/stm32g4xx_hal_adc.o
 .text.LL_ADC_IsDeepPowerDownEnabled
                0x0000000008001c64       0x28 ./Drivers/STM32G4xx_HAL_Driver/Src/stm32g4xx_hal_adc.o
 .text.LL_ADC_EnableInternalRegulator
                0x0000000008001c8c       0x28 ./Drivers/STM32G4xx_HAL_Driver/Src/stm32g4xx_hal_adc.o
 .text.LL_ADC_IsInternalRegulatorEnabled
                0x0000000008001cb4       0x28 ./Drivers/STM32G4xx_HAL_Driver/Src/stm32g4xx_hal_adc.o
 .text.LL_ADC_IsEnabled
                0x0000000008001cdc       0x26 ./Drivers/STM32G4xx_HAL_Driver/Src/stm32g4xx_hal_adc.o
 .text.LL_ADC_REG_IsConversionOngoing
                0x0000000008001d02       0x26 ./Drivers/STM32G4xx_HAL_Driver/Src/stm32g4xx_hal_adc.o
 .text.LL_ADC_INJ_IsConversionOngoing
                0x0000000008001d28       0x26 ./Drivers/STM32G4xx_HAL_Driver/Src/stm32g4xx_hal_adc.o
 *fill*         0x0000000008001d4e        0x2 
 .text.HAL_ADC_Init
                0x0000000008001d50      0x314 ./Drivers/STM32G4xx_HAL_Driver/Src/stm32g4xx_hal_adc.o
                0x0000000008001d50                HAL_ADC_Init
 .text.HAL_ADC_ConfigChannel
                0x0000000008002064      0x7e0 ./Drivers/STM32G4xx_HAL_Driver/Src/stm32g4xx_hal_adc.o
                0x0000000008002064                HAL_ADC_ConfigChannel
 .text.LL_ADC_IsEnabled
                0x0000000008002844       0x26 ./Drivers/STM32G4xx_HAL_Driver/Src/stm32g4xx_hal_adc_ex.o
 .text.LL_ADC_REG_IsConversionOngoing
                0x000000000800286a       0x26 ./Drivers/STM32G4xx_HAL_Driver/Src/stm32g4xx_hal_adc_ex.o
 .text.HAL_ADCEx_MultiModeConfigChannel
                0x0000000008002890      0x148 ./Drivers/STM32G4xx_HAL_Driver/Src/stm32g4xx_hal_adc_ex.o
                0x0000000008002890                HAL_ADCEx_MultiModeConfigChannel
 .text.__NVIC_SetPriorityGrouping
                0x00000000080029d8       0x48 ./Drivers/STM32G4xx_HAL_Driver/Src/stm32g4xx_hal_cortex.o
 .text.__NVIC_GetPriorityGrouping
                0x0000000008002a20       0x1c ./Drivers/STM32G4xx_HAL_Driver/Src/stm32g4xx_hal_cortex.o
 .text.__NVIC_EnableIRQ
                0x0000000008002a3c       0x3c ./Drivers/STM32G4xx_HAL_Driver/Src/stm32g4xx_hal_cortex.o
 .text.__NVIC_SetPriority
                0x0000000008002a78       0x54 ./Drivers/STM32G4xx_HAL_Driver/Src/stm32g4xx_hal_cortex.o
 .text.NVIC_EncodePriority
                0x0000000008002acc       0x66 ./Drivers/STM32G4xx_HAL_Driver/Src/stm32g4xx_hal_cortex.o
 *fill*         0x0000000008002b32        0x2 
 .text.SysTick_Config
                0x0000000008002b34       0x44 ./Drivers/STM32G4xx_HAL_Driver/Src/stm32g4xx_hal_cortex.o
 .text.HAL_NVIC_SetPriorityGrouping
                0x0000000008002b78       0x16 ./Drivers/STM32G4xx_HAL_Driver/Src/stm32g4xx_hal_cortex.o
                0x0000000008002b78                HAL_NVIC_SetPriorityGrouping
 .text.HAL_NVIC_SetPriority
                0x0000000008002b8e       0x34 ./Drivers/STM32G4xx_HAL_Driver/Src/stm32g4xx_hal_cortex.o
                0x0000000008002b8e                HAL_NVIC_SetPriority
 .text.HAL_NVIC_EnableIRQ
                0x0000000008002bc2       0x1c ./Drivers/STM32G4xx_HAL_Driver/Src/stm32g4xx_hal_cortex.o
                0x0000000008002bc2                HAL_NVIC_EnableIRQ
 .text.HAL_SYSTICK_Config
                0x0000000008002bde       0x18 ./Drivers/STM32G4xx_HAL_Driver/Src/stm32g4xx_hal_cortex.o
                0x0000000008002bde                HAL_SYSTICK_Config
 *fill*         0x0000000008002bf6        0x2 
 .text.HAL_CRC_Init
                0x0000000008002bf8       0xc8 ./Drivers/STM32G4xx_HAL_Driver/Src/stm32g4xx_hal_crc.o
                0x0000000008002bf8                HAL_CRC_Init
 .text.HAL_CRCEx_Polynomial_Set
                0x0000000008002cc0      0x10c ./Drivers/STM32G4xx_HAL_Driver/Src/stm32g4xx_hal_crc_ex.o
                0x0000000008002cc0                HAL_CRCEx_Polynomial_Set
 .text.HAL_DMA_Init
                0x0000000008002dcc      0x150 ./Drivers/STM32G4xx_HAL_Driver/Src/stm32g4xx_hal_dma.o
                0x0000000008002dcc                HAL_DMA_Init
 .text.HAL_DMA_IRQHandler
                0x0000000008002f1c      0x15e ./Drivers/STM32G4xx_HAL_Driver/Src/stm32g4xx_hal_dma.o
                0x0000000008002f1c                HAL_DMA_IRQHandler
 *fill*         0x000000000800307a        0x2 
 .text.DMA_CalcDMAMUXChannelBaseAndMask
                0x000000000800307c       0x7c ./Drivers/STM32G4xx_HAL_Driver/Src/stm32g4xx_hal_dma.o
 .text.DMA_CalcDMAMUXRequestGenBaseAndMask
                0x00000000080030f8       0x48 ./Drivers/STM32G4xx_HAL_Driver/Src/stm32g4xx_hal_dma.o
 .text.HAL_GPIO_Init
                0x0000000008003140      0x304 ./Drivers/STM32G4xx_HAL_Driver/Src/stm32g4xx_hal_gpio.o
                0x0000000008003140                HAL_GPIO_Init
 .text.HAL_GPIO_WritePin
                0x0000000008003444       0x30 ./Drivers/STM32G4xx_HAL_Driver/Src/stm32g4xx_hal_gpio.o
                0x0000000008003444                HAL_GPIO_WritePin
 .text.HAL_GPIO_EXTI_IRQHandler
                0x0000000008003474       0x30 ./Drivers/STM32G4xx_HAL_Driver/Src/stm32g4xx_hal_gpio.o
                0x0000000008003474                HAL_GPIO_EXTI_IRQHandler
 .text.HAL_GPIO_EXTI_Callback
                0x00000000080034a4       0x16 ./Drivers/STM32G4xx_HAL_Driver/Src/stm32g4xx_hal_gpio.o
                0x00000000080034a4                HAL_GPIO_EXTI_Callback
 .text.HAL_PCD_Init
                0x00000000080034ba      0x1ca ./Drivers/STM32G4xx_HAL_Driver/Src/stm32g4xx_hal_pcd.o
                0x00000000080034ba                HAL_PCD_Init
 .text.HAL_PCD_Start
                0x0000000008003684       0x44 ./Drivers/STM32G4xx_HAL_Driver/Src/stm32g4xx_hal_pcd.o
                0x0000000008003684                HAL_PCD_Start
 .text.HAL_PCD_IRQHandler
                0x00000000080036c8      0x24e ./Drivers/STM32G4xx_HAL_Driver/Src/stm32g4xx_hal_pcd.o
                0x00000000080036c8                HAL_PCD_IRQHandler
 .text.HAL_PCD_SetAddress
                0x0000000008003916       0x4a ./Drivers/STM32G4xx_HAL_Driver/Src/stm32g4xx_hal_pcd.o
                0x0000000008003916                HAL_PCD_SetAddress
 .text.HAL_PCD_EP_Open
                0x0000000008003960       0xcc ./Drivers/STM32G4xx_HAL_Driver/Src/stm32g4xx_hal_pcd.o
                0x0000000008003960                HAL_PCD_EP_Open
 .text.HAL_PCD_EP_Close
                0x0000000008003a2c       0x90 ./Drivers/STM32G4xx_HAL_Driver/Src/stm32g4xx_hal_pcd.o
                0x0000000008003a2c                HAL_PCD_EP_Close
 .text.HAL_PCD_EP_Receive
                0x0000000008003abc       0x7a ./Drivers/STM32G4xx_HAL_Driver/Src/stm32g4xx_hal_pcd.o
                0x0000000008003abc                HAL_PCD_EP_Receive
 .text.HAL_PCD_EP_GetRxCount
                0x0000000008003b36       0x30 ./Drivers/STM32G4xx_HAL_Driver/Src/stm32g4xx_hal_pcd.o
                0x0000000008003b36                HAL_PCD_EP_GetRxCount
 .text.HAL_PCD_EP_Transmit
                0x0000000008003b66       0x86 ./Drivers/STM32G4xx_HAL_Driver/Src/stm32g4xx_hal_pcd.o
                0x0000000008003b66                HAL_PCD_EP_Transmit
 .text.HAL_PCD_EP_SetStall
                0x0000000008003bec       0xa4 ./Drivers/STM32G4xx_HAL_Driver/Src/stm32g4xx_hal_pcd.o
                0x0000000008003bec                HAL_PCD_EP_SetStall
 .text.HAL_PCD_EP_ClrStall
                0x0000000008003c90       0xa8 ./Drivers/STM32G4xx_HAL_Driver/Src/stm32g4xx_hal_pcd.o
                0x0000000008003c90                HAL_PCD_EP_ClrStall
 .text.PCD_EP_ISR_Handler
                0x0000000008003d38      0x760 ./Drivers/STM32G4xx_HAL_Driver/Src/stm32g4xx_hal_pcd.o
 .text.HAL_PCD_EP_DB_Receive
                0x0000000008004498      0x212 ./Drivers/STM32G4xx_HAL_Driver/Src/stm32g4xx_hal_pcd.o
 .text.HAL_PCD_EP_DB_Transmit
                0x00000000080046aa      0x79c ./Drivers/STM32G4xx_HAL_Driver/Src/stm32g4xx_hal_pcd.o
 .text.HAL_PCDEx_PMAConfig
                0x0000000008004e46       0x86 ./Drivers/STM32G4xx_HAL_Driver/Src/stm32g4xx_hal_pcd_ex.o
                0x0000000008004e46                HAL_PCDEx_PMAConfig
 .text.HAL_PCDEx_ActivateLPM
                0x0000000008004ecc       0x54 ./Drivers/STM32G4xx_HAL_Driver/Src/stm32g4xx_hal_pcd_ex.o
                0x0000000008004ecc                HAL_PCDEx_ActivateLPM
 .text.HAL_PWREx_ControlVoltageScaling
                0x0000000008004f20      0x148 ./Drivers/STM32G4xx_HAL_Driver/Src/stm32g4xx_hal_pwr_ex.o
                0x0000000008004f20                HAL_PWREx_ControlVoltageScaling
 .text.HAL_PWREx_DisableUCPDDeadBattery
                0x0000000008005068       0x20 ./Drivers/STM32G4xx_HAL_Driver/Src/stm32g4xx_hal_pwr_ex.o
                0x0000000008005068                HAL_PWREx_DisableUCPDDeadBattery
 .text.HAL_RCC_OscConfig
                0x0000000008005088      0x630 ./Drivers/STM32G4xx_HAL_Driver/Src/stm32g4xx_hal_rcc.o
                0x0000000008005088                HAL_RCC_OscConfig
 .text.HAL_RCC_ClockConfig
                0x00000000080056b8      0x278 ./Drivers/STM32G4xx_HAL_Driver/Src/stm32g4xx_hal_rcc.o
                0x00000000080056b8                HAL_RCC_ClockConfig
 .text.HAL_RCC_GetSysClockFreq
                0x0000000008005930       0xc4 ./Drivers/STM32G4xx_HAL_Driver/Src/stm32g4xx_hal_rcc.o
                0x0000000008005930                HAL_RCC_GetSysClockFreq
 .text.RCC_GetSysClockFreqFromPLLSource
                0x00000000080059f4       0x8c ./Drivers/STM32G4xx_HAL_Driver/Src/stm32g4xx_hal_rcc.o
 .text.HAL_RCCEx_PeriphCLKConfig
                0x0000000008005a80      0x3e0 ./Drivers/STM32G4xx_HAL_Driver/Src/stm32g4xx_hal_rcc_ex.o
                0x0000000008005a80                HAL_RCCEx_PeriphCLKConfig
 .text.HAL_RTC_Init
                0x0000000008005e60       0xea ./Drivers/STM32G4xx_HAL_Driver/Src/stm32g4xx_hal_rtc.o
                0x0000000008005e60                HAL_RTC_Init
 .text.HAL_RTC_WaitForSynchro
                0x0000000008005f4a       0x4c ./Drivers/STM32G4xx_HAL_Driver/Src/stm32g4xx_hal_rtc.o
                0x0000000008005f4a                HAL_RTC_WaitForSynchro
 .text.RTC_EnterInitMode
                0x0000000008005f96       0x6c ./Drivers/STM32G4xx_HAL_Driver/Src/stm32g4xx_hal_rtc.o
                0x0000000008005f96                RTC_EnterInitMode
 .text.RTC_ExitInitMode
                0x0000000008006002       0x86 ./Drivers/STM32G4xx_HAL_Driver/Src/stm32g4xx_hal_rtc.o
                0x0000000008006002                RTC_ExitInitMode
 .text.HAL_TIM_Base_Init
                0x0000000008006088       0xae ./Drivers/STM32G4xx_HAL_Driver/Src/stm32g4xx_hal_tim.o
                0x0000000008006088                HAL_TIM_Base_Init
 .text.HAL_TIM_PWM_Init
                0x0000000008006136       0xae ./Drivers/STM32G4xx_HAL_Driver/Src/stm32g4xx_hal_tim.o
                0x0000000008006136                HAL_TIM_PWM_Init
 .text.HAL_TIM_PWM_Start
                0x00000000080061e4      0x200 ./Drivers/STM32G4xx_HAL_Driver/Src/stm32g4xx_hal_tim.o
                0x00000000080061e4                HAL_TIM_PWM_Start
 .text.HAL_TIM_Encoder_Init
                0x00000000080063e4      0x14c ./Drivers/STM32G4xx_HAL_Driver/Src/stm32g4xx_hal_tim.o
                0x00000000080063e4                HAL_TIM_Encoder_Init
 .text.HAL_TIM_Encoder_Start
                0x0000000008006530      0x11c ./Drivers/STM32G4xx_HAL_Driver/Src/stm32g4xx_hal_tim.o
                0x0000000008006530                HAL_TIM_Encoder_Start
 .text.HAL_TIM_IRQHandler
                0x000000000800664c      0x2fe ./Drivers/STM32G4xx_HAL_Driver/Src/stm32g4xx_hal_tim.o
                0x000000000800664c                HAL_TIM_IRQHandler
 *fill*         0x000000000800694a        0x2 
 .text.HAL_TIM_PWM_ConfigChannel
                0x000000000800694c      0x228 ./Drivers/STM32G4xx_HAL_Driver/Src/stm32g4xx_hal_tim.o
                0x000000000800694c                HAL_TIM_PWM_ConfigChannel
 .text.HAL_TIM_OC_DelayElapsedCallback
                0x0000000008006b74       0x14 ./Drivers/STM32G4xx_HAL_Driver/Src/stm32g4xx_hal_tim.o
                0x0000000008006b74                HAL_TIM_OC_DelayElapsedCallback
 .text.HAL_TIM_IC_CaptureCallback
                0x0000000008006b88       0x14 ./Drivers/STM32G4xx_HAL_Driver/Src/stm32g4xx_hal_tim.o
                0x0000000008006b88                HAL_TIM_IC_CaptureCallback
 .text.HAL_TIM_PWM_PulseFinishedCallback
                0x0000000008006b9c       0x14 ./Drivers/STM32G4xx_HAL_Driver/Src/stm32g4xx_hal_tim.o
                0x0000000008006b9c                HAL_TIM_PWM_PulseFinishedCallback
 .text.HAL_TIM_TriggerCallback
                0x0000000008006bb0       0x14 ./Drivers/STM32G4xx_HAL_Driver/Src/stm32g4xx_hal_tim.o
                0x0000000008006bb0                HAL_TIM_TriggerCallback
 .text.TIM_Base_SetConfig
                0x0000000008006bc4      0x120 ./Drivers/STM32G4xx_HAL_Driver/Src/stm32g4xx_hal_tim.o
                0x0000000008006bc4                TIM_Base_SetConfig
 .text.TIM_OC1_SetConfig
                0x0000000008006ce4      0x120 ./Drivers/STM32G4xx_HAL_Driver/Src/stm32g4xx_hal_tim.o
 .text.TIM_OC2_SetConfig
                0x0000000008006e04      0x114 ./Drivers/STM32G4xx_HAL_Driver/Src/stm32g4xx_hal_tim.o
                0x0000000008006e04                TIM_OC2_SetConfig
 .text.TIM_OC3_SetConfig
                0x0000000008006f18      0x110 ./Drivers/STM32G4xx_HAL_Driver/Src/stm32g4xx_hal_tim.o
 .text.TIM_OC4_SetConfig
                0x0000000008007028      0x114 ./Drivers/STM32G4xx_HAL_Driver/Src/stm32g4xx_hal_tim.o
 .text.TIM_OC5_SetConfig
                0x000000000800713c       0xc8 ./Drivers/STM32G4xx_HAL_Driver/Src/stm32g4xx_hal_tim.o
 .text.TIM_OC6_SetConfig
                0x0000000008007204       0xcc ./Drivers/STM32G4xx_HAL_Driver/Src/stm32g4xx_hal_tim.o
 .text.TIM_CCxChannelCmd
                0x00000000080072d0       0x4a ./Drivers/STM32G4xx_HAL_Driver/Src/stm32g4xx_hal_tim.o
                0x00000000080072d0                TIM_CCxChannelCmd
 *fill*         0x000000000800731a        0x2 
 .text.HAL_TIMEx_MasterConfigSynchronization
                0x000000000800731c      0x104 ./Drivers/STM32G4xx_HAL_Driver/Src/stm32g4xx_hal_tim_ex.o
                0x000000000800731c                HAL_TIMEx_MasterConfigSynchronization
 .text.HAL_TIMEx_ConfigBreakDeadTime
                0x0000000008007420      0x140 ./Drivers/STM32G4xx_HAL_Driver/Src/stm32g4xx_hal_tim_ex.o
                0x0000000008007420                HAL_TIMEx_ConfigBreakDeadTime
 .text.HAL_TIMEx_CommutCallback
                0x0000000008007560       0x14 ./Drivers/STM32G4xx_HAL_Driver/Src/stm32g4xx_hal_tim_ex.o
                0x0000000008007560                HAL_TIMEx_CommutCallback
 .text.HAL_TIMEx_BreakCallback
                0x0000000008007574       0x14 ./Drivers/STM32G4xx_HAL_Driver/Src/stm32g4xx_hal_tim_ex.o
                0x0000000008007574                HAL_TIMEx_BreakCallback
 .text.HAL_TIMEx_Break2Callback
                0x0000000008007588       0x14 ./Drivers/STM32G4xx_HAL_Driver/Src/stm32g4xx_hal_tim_ex.o
                0x0000000008007588                HAL_TIMEx_Break2Callback
 .text.HAL_TIMEx_EncoderIndexCallback
                0x000000000800759c       0x14 ./Drivers/STM32G4xx_HAL_Driver/Src/stm32g4xx_hal_tim_ex.o
                0x000000000800759c                HAL_TIMEx_EncoderIndexCallback
 .text.HAL_TIMEx_DirectionChangeCallback
                0x00000000080075b0       0x14 ./Drivers/STM32G4xx_HAL_Driver/Src/stm32g4xx_hal_tim_ex.o
                0x00000000080075b0                HAL_TIMEx_DirectionChangeCallback
 .text.HAL_TIMEx_IndexErrorCallback
                0x00000000080075c4       0x14 ./Drivers/STM32G4xx_HAL_Driver/Src/stm32g4xx_hal_tim_ex.o
                0x00000000080075c4                HAL_TIMEx_IndexErrorCallback
 .text.HAL_TIMEx_TransitionErrorCallback
                0x00000000080075d8       0x14 ./Drivers/STM32G4xx_HAL_Driver/Src/stm32g4xx_hal_tim_ex.o
                0x00000000080075d8                HAL_TIMEx_TransitionErrorCallback
 .text.USB_EnableGlobalInt
                0x00000000080075ec       0x2e ./Drivers/STM32G4xx_HAL_Driver/Src/stm32g4xx_ll_usb.o
                0x00000000080075ec                USB_EnableGlobalInt
 .text.USB_DisableGlobalInt
                0x000000000800761a       0x36 ./Drivers/STM32G4xx_HAL_Driver/Src/stm32g4xx_ll_usb.o
                0x000000000800761a                USB_DisableGlobalInt
 .text.USB_DevInit
                0x0000000008007650       0x42 ./Drivers/STM32G4xx_HAL_Driver/Src/stm32g4xx_ll_usb.o
                0x0000000008007650                USB_DevInit
 *fill*         0x0000000008007692        0x2 
 .text.USB_ActivateEndpoint
                0x0000000008007694      0x728 ./Drivers/STM32G4xx_HAL_Driver/Src/stm32g4xx_ll_usb.o
                0x0000000008007694                USB_ActivateEndpoint
 .text.USB_DeactivateEndpoint
                0x0000000008007dbc      0x3da ./Drivers/STM32G4xx_HAL_Driver/Src/stm32g4xx_ll_usb.o
                0x0000000008007dbc                USB_DeactivateEndpoint
 .text.USB_EPStartXfer
                0x0000000008008196     0x166c ./Drivers/STM32G4xx_HAL_Driver/Src/stm32g4xx_ll_usb.o
                0x0000000008008196                USB_EPStartXfer
 .text.USB_EPSetStall
                0x0000000008009802       0xa2 ./Drivers/STM32G4xx_HAL_Driver/Src/stm32g4xx_ll_usb.o
                0x0000000008009802                USB_EPSetStall
 .text.USB_EPClearStall
                0x00000000080098a4      0x15c ./Drivers/STM32G4xx_HAL_Driver/Src/stm32g4xx_ll_usb.o
                0x00000000080098a4                USB_EPClearStall
 .text.USB_SetDevAddress
                0x0000000008009a00       0x28 ./Drivers/STM32G4xx_HAL_Driver/Src/stm32g4xx_ll_usb.o
                0x0000000008009a00                USB_SetDevAddress
 .text.USB_DevConnect
                0x0000000008009a28       0x2e ./Drivers/STM32G4xx_HAL_Driver/Src/stm32g4xx_ll_usb.o
                0x0000000008009a28                USB_DevConnect
 .text.USB_ReadInterrupts
                0x0000000008009a56       0x20 ./Drivers/STM32G4xx_HAL_Driver/Src/stm32g4xx_ll_usb.o
                0x0000000008009a56                USB_ReadInterrupts
 .text.USB_WritePMA
                0x0000000008009a76       0x84 ./Drivers/STM32G4xx_HAL_Driver/Src/stm32g4xx_ll_usb.o
                0x0000000008009a76                USB_WritePMA
 .text.USB_ReadPMA
                0x0000000008009afa       0x98 ./Drivers/STM32G4xx_HAL_Driver/Src/stm32g4xx_ll_usb.o
                0x0000000008009afa                USB_ReadPMA
 .text.USBD_CDC_Init
                0x0000000008009b92       0xfe ./Middlewares/ST/STM32_USB_Device_Library/Class/CDC/Src/usbd_cdc.o
 .text.USBD_CDC_DeInit
                0x0000000008009c90       0x74 ./Middlewares/ST/STM32_USB_Device_Library/Class/CDC/Src/usbd_cdc.o
 .text.USBD_CDC_Setup
                0x0000000008009d04      0x190 ./Middlewares/ST/STM32_USB_Device_Library/Class/CDC/Src/usbd_cdc.o
 .text.USBD_CDC_DataIn
                0x0000000008009e94       0xca ./Middlewares/ST/STM32_USB_Device_Library/Class/CDC/Src/usbd_cdc.o
 .text.USBD_CDC_DataOut
                0x0000000008009f5e       0x56 ./Middlewares/ST/STM32_USB_Device_Library/Class/CDC/Src/usbd_cdc.o
 .text.USBD_CDC_EP0_RxReady
                0x0000000008009fb4       0x5a ./Middlewares/ST/STM32_USB_Device_Library/Class/CDC/Src/usbd_cdc.o
 *fill*         0x000000000800a00e        0x2 
 .text.USBD_CDC_GetFSCfgDesc
                0x000000000800a010       0x20 ./Middlewares/ST/STM32_USB_Device_Library/Class/CDC/Src/usbd_cdc.o
 .text.USBD_CDC_GetHSCfgDesc
                0x000000000800a030       0x20 ./Middlewares/ST/STM32_USB_Device_Library/Class/CDC/Src/usbd_cdc.o
 .text.USBD_CDC_GetOtherSpeedCfgDesc
                0x000000000800a050       0x20 ./Middlewares/ST/STM32_USB_Device_Library/Class/CDC/Src/usbd_cdc.o
 .text.USBD_CDC_GetDeviceQualifierDescriptor
                0x000000000800a070       0x20 ./Middlewares/ST/STM32_USB_Device_Library/Class/CDC/Src/usbd_cdc.o
                0x000000000800a070                USBD_CDC_GetDeviceQualifierDescriptor
 .text.USBD_CDC_RegisterInterface
                0x000000000800a090       0x2a ./Middlewares/ST/STM32_USB_Device_Library/Class/CDC/Src/usbd_cdc.o
                0x000000000800a090                USBD_CDC_RegisterInterface
 .text.USBD_CDC_SetTxBuffer
                0x000000000800a0ba       0x3c ./Middlewares/ST/STM32_USB_Device_Library/Class/CDC/Src/usbd_cdc.o
                0x000000000800a0ba                USBD_CDC_SetTxBuffer
 .text.USBD_CDC_SetRxBuffer
                0x000000000800a0f6       0x32 ./Middlewares/ST/STM32_USB_Device_Library/Class/CDC/Src/usbd_cdc.o
                0x000000000800a0f6                USBD_CDC_SetRxBuffer
 .text.USBD_CDC_TransmitPacket
                0x000000000800a128       0x60 ./Middlewares/ST/STM32_USB_Device_Library/Class/CDC/Src/usbd_cdc.o
                0x000000000800a128                USBD_CDC_TransmitPacket
 .text.USBD_CDC_ReceivePacket
                0x000000000800a188       0x54 ./Middlewares/ST/STM32_USB_Device_Library/Class/CDC/Src/usbd_cdc.o
                0x000000000800a188                USBD_CDC_ReceivePacket
 .text.USBD_Init
                0x000000000800a1dc       0x60 ./Middlewares/ST/STM32_USB_Device_Library/Core/Src/usbd_core.o
                0x000000000800a1dc                USBD_Init
 .text.USBD_RegisterClass
                0x000000000800a23c       0x4e ./Middlewares/ST/STM32_USB_Device_Library/Core/Src/usbd_core.o
                0x000000000800a23c                USBD_RegisterClass
 .text.USBD_Start
                0x000000000800a28a       0x18 ./Middlewares/ST/STM32_USB_Device_Library/Core/Src/usbd_core.o
                0x000000000800a28a                USBD_Start
 .text.USBD_RunTestMode
                0x000000000800a2a2       0x16 ./Middlewares/ST/STM32_USB_Device_Library/Core/Src/usbd_core.o
                0x000000000800a2a2                USBD_RunTestMode
 .text.USBD_SetClassConfig
                0x000000000800a2b8       0x38 ./Middlewares/ST/STM32_USB_Device_Library/Core/Src/usbd_core.o
                0x000000000800a2b8                USBD_SetClassConfig
 .text.USBD_ClrClassConfig
                0x000000000800a2f0       0x30 ./Middlewares/ST/STM32_USB_Device_Library/Core/Src/usbd_core.o
                0x000000000800a2f0                USBD_ClrClassConfig
 .text.USBD_LL_SetupStage
                0x000000000800a320       0xaa ./Middlewares/ST/STM32_USB_Device_Library/Core/Src/usbd_core.o
                0x000000000800a320                USBD_LL_SetupStage
 .text.USBD_LL_DataOutStage
                0x000000000800a3ca       0xc6 ./Middlewares/ST/STM32_USB_Device_Library/Core/Src/usbd_core.o
                0x000000000800a3ca                USBD_LL_DataOutStage
 .text.USBD_LL_DataInStage
                0x000000000800a490      0x12c ./Middlewares/ST/STM32_USB_Device_Library/Core/Src/usbd_core.o
                0x000000000800a490                USBD_LL_DataInStage
 .text.USBD_LL_Reset
                0x000000000800a5bc       0x9c ./Middlewares/ST/STM32_USB_Device_Library/Core/Src/usbd_core.o
                0x000000000800a5bc                USBD_LL_Reset
 .text.USBD_LL_SetSpeed
                0x000000000800a658       0x20 ./Middlewares/ST/STM32_USB_Device_Library/Core/Src/usbd_core.o
                0x000000000800a658                USBD_LL_SetSpeed
 .text.USBD_LL_Suspend
                0x000000000800a678       0x2c ./Middlewares/ST/STM32_USB_Device_Library/Core/Src/usbd_core.o
                0x000000000800a678                USBD_LL_Suspend
 .text.USBD_LL_Resume
                0x000000000800a6a4       0x30 ./Middlewares/ST/STM32_USB_Device_Library/Core/Src/usbd_core.o
                0x000000000800a6a4                USBD_LL_Resume
 .text.USBD_LL_SOF
                0x000000000800a6d4       0x44 ./Middlewares/ST/STM32_USB_Device_Library/Core/Src/usbd_core.o
                0x000000000800a6d4                USBD_LL_SOF
 .text.SWAPBYTE
                0x000000000800a718       0x3c ./Middlewares/ST/STM32_USB_Device_Library/Core/Src/usbd_ctlreq.o
 .text.USBD_StdDevReq
                0x000000000800a754       0xdc ./Middlewares/ST/STM32_USB_Device_Library/Core/Src/usbd_ctlreq.o
                0x000000000800a754                USBD_StdDevReq
 .text.USBD_StdItfReq
                0x000000000800a830       0x92 ./Middlewares/ST/STM32_USB_Device_Library/Core/Src/usbd_ctlreq.o
                0x000000000800a830                USBD_StdItfReq
 .text.USBD_StdEPReq
                0x000000000800a8c2      0x2c4 ./Middlewares/ST/STM32_USB_Device_Library/Core/Src/usbd_ctlreq.o
                0x000000000800a8c2                USBD_StdEPReq
 *fill*         0x000000000800ab86        0x2 
 .text.USBD_GetDescriptor
                0x000000000800ab88      0x328 ./Middlewares/ST/STM32_USB_Device_Library/Core/Src/usbd_ctlreq.o
 .text.USBD_SetAddress
                0x000000000800aeb0       0x88 ./Middlewares/ST/STM32_USB_Device_Library/Core/Src/usbd_ctlreq.o
 .text.USBD_SetConfig
                0x000000000800af38      0x14c ./Middlewares/ST/STM32_USB_Device_Library/Core/Src/usbd_ctlreq.o
 .text.USBD_GetConfig
                0x000000000800b084       0x6c ./Middlewares/ST/STM32_USB_Device_Library/Core/Src/usbd_ctlreq.o
 .text.USBD_GetStatus
                0x000000000800b0f0       0x68 ./Middlewares/ST/STM32_USB_Device_Library/Core/Src/usbd_ctlreq.o
 .text.USBD_SetFeature
                0x000000000800b158       0x28 ./Middlewares/ST/STM32_USB_Device_Library/Core/Src/usbd_ctlreq.o
 .text.USBD_ClrFeature
                0x000000000800b180       0x44 ./Middlewares/ST/STM32_USB_Device_Library/Core/Src/usbd_ctlreq.o
 .text.USBD_ParseSetupRequest
                0x000000000800b1c4       0x74 ./Middlewares/ST/STM32_USB_Device_Library/Core/Src/usbd_ctlreq.o
                0x000000000800b1c4                USBD_ParseSetupRequest
 .text.USBD_CtlError
                0x000000000800b238       0x22 ./Middlewares/ST/STM32_USB_Device_Library/Core/Src/usbd_ctlreq.o
                0x000000000800b238                USBD_CtlError
 .text.USBD_GetString
                0x000000000800b25a       0x8c ./Middlewares/ST/STM32_USB_Device_Library/Core/Src/usbd_ctlreq.o
                0x000000000800b25a                USBD_GetString
 .text.USBD_GetLen
                0x000000000800b2e6       0x34 ./Middlewares/ST/STM32_USB_Device_Library/Core/Src/usbd_ctlreq.o
 .text.USBD_CtlSendData
                0x000000000800b31a       0x36 ./Middlewares/ST/STM32_USB_Device_Library/Core/Src/usbd_ioreq.o
                0x000000000800b31a                USBD_CtlSendData
 .text.USBD_CtlContinueSendData
                0x000000000800b350       0x22 ./Middlewares/ST/STM32_USB_Device_Library/Core/Src/usbd_ioreq.o
                0x000000000800b350                USBD_CtlContinueSendData
 .text.USBD_CtlPrepareRx
                0x000000000800b372       0x3a ./Middlewares/ST/STM32_USB_Device_Library/Core/Src/usbd_ioreq.o
                0x000000000800b372                USBD_CtlPrepareRx
 .text.USBD_CtlContinueRx
                0x000000000800b3ac       0x22 ./Middlewares/ST/STM32_USB_Device_Library/Core/Src/usbd_ioreq.o
                0x000000000800b3ac                USBD_CtlContinueRx
 .text.USBD_CtlSendStatus
                0x000000000800b3ce       0x26 ./Middlewares/ST/STM32_USB_Device_Library/Core/Src/usbd_ioreq.o
                0x000000000800b3ce                USBD_CtlSendStatus
 .text.USBD_CtlReceiveStatus
                0x000000000800b3f4       0x26 ./Middlewares/ST/STM32_USB_Device_Library/Core/Src/usbd_ioreq.o
                0x000000000800b3f4                USBD_CtlReceiveStatus
 *fill*         0x000000000800b41a        0x2 
 .text.MX_USB_Device_Init
                0x000000000800b41c       0x60 ./USB_Device/App/usb_device.o
                0x000000000800b41c                MX_USB_Device_Init
 .text.CDC_Init_FS
                0x000000000800b47c       0x28 ./USB_Device/App/usbd_cdc_if.o
 .text.CDC_DeInit_FS
                0x000000000800b4a4       0x10 ./USB_Device/App/usbd_cdc_if.o
 .text.CDC_Control_FS
                0x000000000800b4b4       0xbc ./USB_Device/App/usbd_cdc_if.o
 .text.CDC_Receive_FS
                0x000000000800b570       0x30 ./USB_Device/App/usbd_cdc_if.o
 .text.CDC_Transmit_FS
                0x000000000800b5a0       0x4c ./USB_Device/App/usbd_cdc_if.o
                0x000000000800b5a0                CDC_Transmit_FS
 .text.CDC_TransmitCplt_FS
                0x000000000800b5ec       0x22 ./USB_Device/App/usbd_cdc_if.o
 *fill*         0x000000000800b60e        0x2 
 .text.USBD_CDC_DeviceDescriptor
                0x000000000800b610       0x24 ./USB_Device/App/usbd_desc.o
                0x000000000800b610                USBD_CDC_DeviceDescriptor
 .text.USBD_CDC_LangIDStrDescriptor
                0x000000000800b634       0x24 ./USB_Device/App/usbd_desc.o
                0x000000000800b634                USBD_CDC_LangIDStrDescriptor
 .text.USBD_CDC_ProductStrDescriptor
                0x000000000800b658       0x3c ./USB_Device/App/usbd_desc.o
                0x000000000800b658                USBD_CDC_ProductStrDescriptor
 .text.USBD_CDC_ManufacturerStrDescriptor
                0x000000000800b694       0x28 ./USB_Device/App/usbd_desc.o
                0x000000000800b694                USBD_CDC_ManufacturerStrDescriptor
 .text.USBD_CDC_SerialStrDescriptor
                0x000000000800b6bc       0x24 ./USB_Device/App/usbd_desc.o
                0x000000000800b6bc                USBD_CDC_SerialStrDescriptor
 .text.USBD_CDC_ConfigStrDescriptor
                0x000000000800b6e0       0x3c ./USB_Device/App/usbd_desc.o
                0x000000000800b6e0                USBD_CDC_ConfigStrDescriptor
 .text.USBD_CDC_InterfaceStrDescriptor
                0x000000000800b71c       0x3c ./USB_Device/App/usbd_desc.o
                0x000000000800b71c                USBD_CDC_InterfaceStrDescriptor
 .text.Get_SerialNum
                0x000000000800b758       0x58 ./USB_Device/App/usbd_desc.o
 .text.IntToUnicode
                0x000000000800b7b0       0x7e ./USB_Device/App/usbd_desc.o
 *fill*         0x000000000800b82e        0x2 
 .text.HAL_PCD_MspInit
                0x000000000800b830       0x78 ./USB_Device/Target/usbd_conf.o
                0x000000000800b830                HAL_PCD_MspInit
 .text.HAL_PCD_SetupStageCallback
                0x000000000800b8a8       0x24 ./USB_Device/Target/usbd_conf.o
                0x000000000800b8a8                HAL_PCD_SetupStageCallback
 .text.HAL_PCD_DataOutStageCallback
                0x000000000800b8cc       0x36 ./USB_Device/Target/usbd_conf.o
                0x000000000800b8cc                HAL_PCD_DataOutStageCallback
 .text.HAL_PCD_DataInStageCallback
                0x000000000800b902       0x34 ./USB_Device/Target/usbd_conf.o
                0x000000000800b902                HAL_PCD_DataInStageCallback
 .text.HAL_PCD_SOFCallback
                0x000000000800b936       0x1c ./USB_Device/Target/usbd_conf.o
                0x000000000800b936                HAL_PCD_SOFCallback
 .text.HAL_PCD_ResetCallback
                0x000000000800b952       0x3c ./USB_Device/Target/usbd_conf.o
                0x000000000800b952                HAL_PCD_ResetCallback
 *fill*         0x000000000800b98e        0x2 
 .text.HAL_PCD_SuspendCallback
                0x000000000800b990       0x34 ./USB_Device/Target/usbd_conf.o
                0x000000000800b990                HAL_PCD_SuspendCallback
 .text.HAL_PCD_ResumeCallback
                0x000000000800b9c4       0x38 ./USB_Device/Target/usbd_conf.o
                0x000000000800b9c4                HAL_PCD_ResumeCallback
 .text.USBD_LL_Init
                0x000000000800b9fc       0xc0 ./USB_Device/Target/usbd_conf.o
                0x000000000800b9fc                USBD_LL_Init
 .text.USBD_LL_Start
                0x000000000800babc       0x36 ./USB_Device/Target/usbd_conf.o
                0x000000000800babc                USBD_LL_Start
 .text.USBD_LL_OpenEP
                0x000000000800baf2       0x4c ./USB_Device/Target/usbd_conf.o
                0x000000000800baf2                USBD_LL_OpenEP
 .text.USBD_LL_CloseEP
                0x000000000800bb3e       0x3e ./USB_Device/Target/usbd_conf.o
                0x000000000800bb3e                USBD_LL_CloseEP
 .text.USBD_LL_StallEP
                0x000000000800bb7c       0x3e ./USB_Device/Target/usbd_conf.o
                0x000000000800bb7c                USBD_LL_StallEP
 .text.USBD_LL_ClearStallEP
                0x000000000800bbba       0x3e ./USB_Device/Target/usbd_conf.o
                0x000000000800bbba                USBD_LL_ClearStallEP
 .text.USBD_LL_IsStallEP
                0x000000000800bbf8       0x5a ./USB_Device/Target/usbd_conf.o
                0x000000000800bbf8                USBD_LL_IsStallEP
 .text.USBD_LL_SetUSBAddress
                0x000000000800bc52       0x3e ./USB_Device/Target/usbd_conf.o
                0x000000000800bc52                USBD_LL_SetUSBAddress
 .text.USBD_LL_Transmit
                0x000000000800bc90       0x42 ./USB_Device/Target/usbd_conf.o
                0x000000000800bc90                USBD_LL_Transmit
 .text.USBD_LL_PrepareReceive
                0x000000000800bcd2       0x42 ./USB_Device/Target/usbd_conf.o
                0x000000000800bcd2                USBD_LL_PrepareReceive
 .text.USBD_LL_GetRxDataSize
                0x000000000800bd14       0x26 ./USB_Device/Target/usbd_conf.o
                0x000000000800bd14                USBD_LL_GetRxDataSize
 *fill*         0x000000000800bd3a        0x2 
 .text.HAL_PCDEx_LPM_Callback
                0x000000000800bd3c       0x6c ./USB_Device/Target/usbd_conf.o
                0x000000000800bd3c                HAL_PCDEx_LPM_Callback
 .text.USBD_static_malloc
                0x000000000800bda8       0x1c ./USB_Device/Target/usbd_conf.o
                0x000000000800bda8                USBD_static_malloc
 .text.USBD_static_free
                0x000000000800bdc4       0x14 ./USB_Device/Target/usbd_conf.o
                0x000000000800bdc4                USBD_static_free
 .text.SystemClockConfig_Resume
                0x000000000800bdd8        0xc ./USB_Device/Target/usbd_conf.o
 .text.USBD_Get_USB_Status
                0x000000000800bde4       0x58 ./USB_Device/Target/usbd_conf.o
 .text.__libc_init_array
                0x000000000800be3c       0x48 c:/st/stm32cubeide_1.10.1/stm32cubeide/plugins/com.st.stm32cube.ide.mcu.externaltools.gnu-tools-for-stm32.10.3-2021.10.win32_1.0.0.202111181127/tools/bin/../lib/gcc/arm-none-eabi/10.3.1/../../../../arm-none-eabi/lib/thumb/v7e-m+fp/hard\libc_nano.a(lib_a-init.o)
                0x000000000800be3c                __libc_init_array
 .text.memcpy   0x000000000800be84       0x1c c:/st/stm32cubeide_1.10.1/stm32cubeide/plugins/com.st.stm32cube.ide.mcu.externaltools.gnu-tools-for-stm32.10.3-2021.10.win32_1.0.0.202111181127/tools/bin/../lib/gcc/arm-none-eabi/10.3.1/../../../../arm-none-eabi/lib/thumb/v7e-m+fp/hard\libc_nano.a(lib_a-memcpy-stub.o)
                0x000000000800be84                memcpy
 .text.memset   0x000000000800bea0       0x10 c:/st/stm32cubeide_1.10.1/stm32cubeide/plugins/com.st.stm32cube.ide.mcu.externaltools.gnu-tools-for-stm32.10.3-2021.10.win32_1.0.0.202111181127/tools/bin/../lib/gcc/arm-none-eabi/10.3.1/../../../../arm-none-eabi/lib/thumb/v7e-m+fp/hard\libc_nano.a(lib_a-memset.o)
                0x000000000800bea0                memset
 *(.glue_7)
 .glue_7        0x000000000800beb0        0x0 linker stubs
 *(.glue_7t)
 .glue_7t       0x000000000800beb0        0x0 linker stubs
 *(.eh_frame)
 .eh_frame      0x000000000800beb0        0x0 c:/st/stm32cubeide_1.10.1/stm32cubeide/plugins/com.st.stm32cube.ide.mcu.externaltools.gnu-tools-for-stm32.10.3-2021.10.win32_1.0.0.202111181127/tools/bin/../lib/gcc/arm-none-eabi/10.3.1/thumb/v7e-m+fp/hard/crtbegin.o
 *(.init)
 .init          0x000000000800beb0        0x4 c:/st/stm32cubeide_1.10.1/stm32cubeide/plugins/com.st.stm32cube.ide.mcu.externaltools.gnu-tools-for-stm32.10.3-2021.10.win32_1.0.0.202111181127/tools/bin/../lib/gcc/arm-none-eabi/10.3.1/thumb/v7e-m+fp/hard/crti.o
                0x000000000800beb0                _init
 .init          0x000000000800beb4        0x8 c:/st/stm32cubeide_1.10.1/stm32cubeide/plugins/com.st.stm32cube.ide.mcu.externaltools.gnu-tools-for-stm32.10.3-2021.10.win32_1.0.0.202111181127/tools/bin/../lib/gcc/arm-none-eabi/10.3.1/thumb/v7e-m+fp/hard/crtn.o
 *(.fini)
 .fini          0x000000000800bebc        0x4 c:/st/stm32cubeide_1.10.1/stm32cubeide/plugins/com.st.stm32cube.ide.mcu.externaltools.gnu-tools-for-stm32.10.3-2021.10.win32_1.0.0.202111181127/tools/bin/../lib/gcc/arm-none-eabi/10.3.1/thumb/v7e-m+fp/hard/crti.o
                0x000000000800bebc                _fini
 .fini          0x000000000800bec0        0x8 c:/st/stm32cubeide_1.10.1/stm32cubeide/plugins/com.st.stm32cube.ide.mcu.externaltools.gnu-tools-for-stm32.10.3-2021.10.win32_1.0.0.202111181127/tools/bin/../lib/gcc/arm-none-eabi/10.3.1/thumb/v7e-m+fp/hard/crtn.o
                0x000000000800bec8                . = ALIGN (0x4)
                0x000000000800bec8                _etext = .

.vfp11_veneer   0x000000000800bec8        0x0
 .vfp11_veneer  0x000000000800bec8        0x0 linker stubs

.v4_bx          0x000000000800bec8        0x0
 .v4_bx         0x000000000800bec8        0x0 linker stubs

.iplt           0x000000000800bec8        0x0
 .iplt          0x000000000800bec8        0x0 c:/st/stm32cubeide_1.10.1/stm32cubeide/plugins/com.st.stm32cube.ide.mcu.externaltools.gnu-tools-for-stm32.10.3-2021.10.win32_1.0.0.202111181127/tools/bin/../lib/gcc/arm-none-eabi/10.3.1/thumb/v7e-m+fp/hard/crtbegin.o

.rodata         0x000000000800bec8       0x58
                0x000000000800bec8                . = ALIGN (0x4)
 *(.rodata)
 .rodata        0x000000000800bec8       0x46 ./USB_Device/App/usbd_desc.o
 *(.rodata*)
 *fill*         0x000000000800bf0e        0x2 
 .rodata.AHBPrescTable
                0x000000000800bf10       0x10 ./Core/Src/system_stm32g4xx.o
                0x000000000800bf10                AHBPrescTable
                0x000000000800bf20                . = ALIGN (0x4)

.rel.dyn        0x000000000800bf20        0x0
 .rel.iplt      0x000000000800bf20        0x0 c:/st/stm32cubeide_1.10.1/stm32cubeide/plugins/com.st.stm32cube.ide.mcu.externaltools.gnu-tools-for-stm32.10.3-2021.10.win32_1.0.0.202111181127/tools/bin/../lib/gcc/arm-none-eabi/10.3.1/thumb/v7e-m+fp/hard/crtbegin.o

.ARM.extab      0x000000000800bf20        0x0
                0x000000000800bf20                . = ALIGN (0x4)
 *(.ARM.extab* .gnu.linkonce.armextab.*)
                0x000000000800bf20                . = ALIGN (0x4)

.ARM            0x000000000800bf20        0x0
                0x000000000800bf20                . = ALIGN (0x4)
                0x000000000800bf20                __exidx_start = .
 *(.ARM.exidx*)
                0x000000000800bf20                __exidx_end = .
                0x000000000800bf20                . = ALIGN (0x4)

.preinit_array  0x000000000800bf20        0x0
                0x000000000800bf20                . = ALIGN (0x4)
                0x000000000800bf20                PROVIDE (__preinit_array_start = .)
 *(.preinit_array*)
                0x000000000800bf20                PROVIDE (__preinit_array_end = .)
                0x000000000800bf20                . = ALIGN (0x4)

.init_array     0x000000000800bf20        0x4
                0x000000000800bf20                . = ALIGN (0x4)
                0x000000000800bf20                PROVIDE (__init_array_start = .)
 *(SORT_BY_NAME(.init_array.*))
 *(.init_array*)
 .init_array    0x000000000800bf20        0x4 c:/st/stm32cubeide_1.10.1/stm32cubeide/plugins/com.st.stm32cube.ide.mcu.externaltools.gnu-tools-for-stm32.10.3-2021.10.win32_1.0.0.202111181127/tools/bin/../lib/gcc/arm-none-eabi/10.3.1/thumb/v7e-m+fp/hard/crtbegin.o
                0x000000000800bf24                PROVIDE (__init_array_end = .)
                0x000000000800bf24                . = ALIGN (0x4)

.fini_array     0x000000000800bf24        0x4
                0x000000000800bf24                . = ALIGN (0x4)
                [!provide]                        PROVIDE (__fini_array_start = .)
 *(SORT_BY_NAME(.fini_array.*))
 *(.fini_array*)
 .fini_array    0x000000000800bf24        0x4 c:/st/stm32cubeide_1.10.1/stm32cubeide/plugins/com.st.stm32cube.ide.mcu.externaltools.gnu-tools-for-stm32.10.3-2021.10.win32_1.0.0.202111181127/tools/bin/../lib/gcc/arm-none-eabi/10.3.1/thumb/v7e-m+fp/hard/crtbegin.o
                [!provide]                        PROVIDE (__fini_array_end = .)
                0x000000000800bf28                . = ALIGN (0x4)
                0x000000000800bf28                _sidata = LOADADDR (.data)

.data           0x0000000020000000      0x1c8 load address 0x000000000800bf28
                0x0000000020000000                . = ALIGN (0x4)
                0x0000000020000000                _sdata = .
 *(.data)
 *(.data*)
 .data.motor1Control
                0x0000000020000000       0x14 ./Core/Src/main.o
                0x0000000020000000                motor1Control
 .data.motor2Control
                0x0000000020000014       0x14 ./Core/Src/main.o
                0x0000000020000014                motor2Control
 .data.motor3Control
                0x0000000020000028       0x14 ./Core/Src/main.o
                0x0000000020000028                motor3Control
 .data.feedback
                0x000000002000003c        0x8 ./Core/Src/main.o
                0x000000002000003c                feedback
 .data.SystemCoreClock
                0x0000000020000044        0x4 ./Core/Src/system_stm32g4xx.o
                0x0000000020000044                SystemCoreClock
 .data.uwTickPrio
                0x0000000020000048        0x4 ./Drivers/STM32G4xx_HAL_Driver/Src/stm32g4xx_hal.o
                0x0000000020000048                uwTickPrio
 .data.uwTickFreq
                0x000000002000004c        0x4 ./Drivers/STM32G4xx_HAL_Driver/Src/stm32g4xx_hal.o
                0x000000002000004c                uwTickFreq
 .data.USBD_CDC_DeviceQualifierDesc
                0x0000000020000050        0xa ./Middlewares/ST/STM32_USB_Device_Library/Class/CDC/Src/usbd_cdc.o
 *fill*         0x000000002000005a        0x2 
 .data.USBD_CDC
                0x000000002000005c       0x38 ./Middlewares/ST/STM32_USB_Device_Library/Class/CDC/Src/usbd_cdc.o
                0x000000002000005c                USBD_CDC
 .data.USBD_CDC_CfgHSDesc
                0x0000000020000094       0x43 ./Middlewares/ST/STM32_USB_Device_Library/Class/CDC/Src/usbd_cdc.o
 *fill*         0x00000000200000d7        0x1 
 .data.USBD_CDC_CfgFSDesc
                0x00000000200000d8       0x43 ./Middlewares/ST/STM32_USB_Device_Library/Class/CDC/Src/usbd_cdc.o
 *fill*         0x000000002000011b        0x1 
 .data.USBD_CDC_OtherSpeedCfgDesc
                0x000000002000011c       0x43 ./Middlewares/ST/STM32_USB_Device_Library/Class/CDC/Src/usbd_cdc.o
 *fill*         0x000000002000015f        0x1 
 .data.USBD_Interface_fops_FS
                0x0000000020000160       0x14 ./USB_Device/App/usbd_cdc_if.o
                0x0000000020000160                USBD_Interface_fops_FS
 .data.CDC_Desc
                0x0000000020000174       0x20 ./USB_Device/App/usbd_desc.o
                0x0000000020000174                CDC_Desc
 .data.USBD_CDC_DeviceDesc
                0x0000000020000194       0x12 ./USB_Device/App/usbd_desc.o
                0x0000000020000194                USBD_CDC_DeviceDesc
 *fill*         0x00000000200001a6        0x2 
 .data.USBD_LangIDDesc
                0x00000000200001a8        0x4 ./USB_Device/App/usbd_desc.o
                0x00000000200001a8                USBD_LangIDDesc
 .data.USBD_StringSerial
                0x00000000200001ac       0x1a ./USB_Device/App/usbd_desc.o
                0x00000000200001ac                USBD_StringSerial
 *(.RamFunc)
 *(.RamFunc*)
                0x00000000200001c8                . = ALIGN (0x4)
 *fill*         0x00000000200001c6        0x2 
                0x00000000200001c8                _edata = .

.igot.plt       0x00000000200001c8        0x0 load address 0x000000000800c0f0
 .igot.plt      0x00000000200001c8        0x0 c:/st/stm32cubeide_1.10.1/stm32cubeide/plugins/com.st.stm32cube.ide.mcu.externaltools.gnu-tools-for-stm32.10.3-2021.10.win32_1.0.0.202111181127/tools/bin/../lib/gcc/arm-none-eabi/10.3.1/thumb/v7e-m+fp/hard/crtbegin.o
                0x00000000200001c8                . = ALIGN (0x4)

.bss            0x00000000200001c8     0x15ac load address 0x000000000800c0f0
                0x00000000200001c8                _sbss = .
                0x00000000200001c8                __bss_start__ = _sbss
 *(.bss)
 .bss           0x00000000200001c8       0x1c c:/st/stm32cubeide_1.10.1/stm32cubeide/plugins/com.st.stm32cube.ide.mcu.externaltools.gnu-tools-for-stm32.10.3-2021.10.win32_1.0.0.202111181127/tools/bin/../lib/gcc/arm-none-eabi/10.3.1/thumb/v7e-m+fp/hard/crtbegin.o
 *(.bss*)
 .bss.hadc1     0x00000000200001e4       0x6c ./Core/Src/main.o
                0x00000000200001e4                hadc1
 .bss.hdma_adc1
                0x0000000020000250       0x60 ./Core/Src/main.o
                0x0000000020000250                hdma_adc1
 .bss.hcrc      0x00000000200002b0       0x24 ./Core/Src/main.o
                0x00000000200002b0                hcrc
 .bss.hrtc      0x00000000200002d4       0x28 ./Core/Src/main.o
                0x00000000200002d4                hrtc
 .bss.htim1     0x00000000200002fc       0x4c ./Core/Src/main.o
                0x00000000200002fc                htim1
 .bss.htim2     0x0000000020000348       0x4c ./Core/Src/main.o
                0x0000000020000348                htim2
 .bss.htim3     0x0000000020000394       0x4c ./Core/Src/main.o
                0x0000000020000394                htim3
 .bss.htim4     0x00000000200003e0       0x4c ./Core/Src/main.o
                0x00000000200003e0                htim4
 .bss.htim6     0x000000002000042c       0x4c ./Core/Src/main.o
                0x000000002000042c                htim6
 .bss.htim8     0x0000000020000478       0x4c ./Core/Src/main.o
                0x0000000020000478                htim8
 .bss.htim15    0x00000000200004c4       0x4c ./Core/Src/main.o
                0x00000000200004c4                htim15
 .bss.htim16    0x0000000020000510       0x4c ./Core/Src/main.o
                0x0000000020000510                htim16
 .bss.htim17    0x000000002000055c       0x4c ./Core/Src/main.o
                0x000000002000055c                htim17
 .bss.command   0x00000000200005a8        0xa ./Core/Src/main.o
                0x00000000200005a8                command
 .bss.isCommandReceived
                0x00000000200005b2        0x1 ./Core/Src/main.o
                0x00000000200005b2                isCommandReceived
 .bss.driverReset
                0x00000000200005b3        0x1 ./Core/Src/main.o
                0x00000000200005b3                driverReset
 .bss.timer     0x00000000200005b4        0x2 ./Core/Src/main.o
                0x00000000200005b4                timer
 .bss.enable_pid
                0x00000000200005b6        0x2 ./Core/Src/main.o
                0x00000000200005b6                enable_pid
 .bss.uwTick    0x00000000200005b8        0x4 ./Drivers/STM32G4xx_HAL_Driver/Src/stm32g4xx_hal.o
                0x00000000200005b8                uwTick
 .bss.cfgidx.0  0x00000000200005bc        0x1 ./Middlewares/ST/STM32_USB_Device_Library/Core/Src/usbd_ctlreq.o
 *fill*         0x00000000200005bd        0x3 
 .bss.hUsbDeviceFS
                0x00000000200005c0      0x2d0 ./USB_Device/App/usb_device.o
                0x00000000200005c0                hUsbDeviceFS
 .bss.UserRxBufferFS
                0x0000000020000890      0x3e8 ./USB_Device/App/usbd_cdc_if.o
                0x0000000020000890                UserRxBufferFS
 .bss.UserTxBufferFS
                0x0000000020000c78      0x3e8 ./USB_Device/App/usbd_cdc_if.o
                0x0000000020000c78                UserTxBufferFS
 .bss.USBD_StrDesc
                0x0000000020001060      0x200 ./USB_Device/App/usbd_desc.o
                0x0000000020001060                USBD_StrDesc
 .bss.hpcd_USB_FS
                0x0000000020001260      0x2f4 ./USB_Device/Target/usbd_conf.o
                0x0000000020001260                hpcd_USB_FS
 .bss.mem.0     0x0000000020001554      0x220 ./USB_Device/Target/usbd_conf.o
 *(COMMON)
                0x0000000020001774                . = ALIGN (0x4)
                0x0000000020001774                _ebss = .
                0x0000000020001774                __bss_end__ = _ebss

._user_heap_stack
                0x0000000020001774      0x604 load address 0x000000000800c0f0
                0x0000000020001778                . = ALIGN (0x8)
 *fill*         0x0000000020001774        0x4 
                [!provide]                        PROVIDE (end = .)
                0x0000000020001778                PROVIDE (_end = .)
                0x0000000020001978                . = (. + _Min_Heap_Size)
 *fill*         0x0000000020001778      0x200 
                0x0000000020001d78                . = (. + _Min_Stack_Size)
 *fill*         0x0000000020001978      0x400 
                0x0000000020001d78                . = ALIGN (0x8)

/DISCARD/
 libc.a(*)
 libm.a(*)
 libgcc.a(*)

.ARM.attributes
                0x0000000000000000       0x30
 *(.ARM.attributes)
 .ARM.attributes
                0x0000000000000000       0x1e c:/st/stm32cubeide_1.10.1/stm32cubeide/plugins/com.st.stm32cube.ide.mcu.externaltools.gnu-tools-for-stm32.10.3-2021.10.win32_1.0.0.202111181127/tools/bin/../lib/gcc/arm-none-eabi/10.3.1/thumb/v7e-m+fp/hard/crti.o
 .ARM.attributes
                0x000000000000001e       0x34 c:/st/stm32cubeide_1.10.1/stm32cubeide/plugins/com.st.stm32cube.ide.mcu.externaltools.gnu-tools-for-stm32.10.3-2021.10.win32_1.0.0.202111181127/tools/bin/../lib/gcc/arm-none-eabi/10.3.1/thumb/v7e-m+fp/hard/crtbegin.o
 .ARM.attributes
                0x0000000000000052       0x34 ./Core/Src/main.o
 .ARM.attributes
                0x0000000000000086       0x34 ./Core/Src/stm32g4xx_hal_msp.o
 .ARM.attributes
                0x00000000000000ba       0x34 ./Core/Src/stm32g4xx_it.o
 .ARM.attributes
                0x00000000000000ee       0x34 ./Core/Src/system_stm32g4xx.o
 .ARM.attributes
                0x0000000000000122       0x21 ./Core/Startup/startup_stm32g441kbtx.o
 .ARM.attributes
                0x0000000000000143       0x34 ./Drivers/STM32G4xx_HAL_Driver/Src/stm32g4xx_hal.o
 .ARM.attributes
                0x0000000000000177       0x34 ./Drivers/STM32G4xx_HAL_Driver/Src/stm32g4xx_hal_adc.o
 .ARM.attributes
                0x00000000000001ab       0x34 ./Drivers/STM32G4xx_HAL_Driver/Src/stm32g4xx_hal_adc_ex.o
 .ARM.attributes
                0x00000000000001df       0x34 ./Drivers/STM32G4xx_HAL_Driver/Src/stm32g4xx_hal_cortex.o
 .ARM.attributes
                0x0000000000000213       0x34 ./Drivers/STM32G4xx_HAL_Driver/Src/stm32g4xx_hal_crc.o
 .ARM.attributes
                0x0000000000000247       0x34 ./Drivers/STM32G4xx_HAL_Driver/Src/stm32g4xx_hal_crc_ex.o
 .ARM.attributes
                0x000000000000027b       0x34 ./Drivers/STM32G4xx_HAL_Driver/Src/stm32g4xx_hal_dma.o
 .ARM.attributes
                0x00000000000002af       0x34 ./Drivers/STM32G4xx_HAL_Driver/Src/stm32g4xx_hal_gpio.o
 .ARM.attributes
                0x00000000000002e3       0x34 ./Drivers/STM32G4xx_HAL_Driver/Src/stm32g4xx_hal_pcd.o
 .ARM.attributes
                0x0000000000000317       0x34 ./Drivers/STM32G4xx_HAL_Driver/Src/stm32g4xx_hal_pcd_ex.o
 .ARM.attributes
                0x000000000000034b       0x34 ./Drivers/STM32G4xx_HAL_Driver/Src/stm32g4xx_hal_pwr_ex.o
 .ARM.attributes
                0x000000000000037f       0x34 ./Drivers/STM32G4xx_HAL_Driver/Src/stm32g4xx_hal_rcc.o
 .ARM.attributes
                0x00000000000003b3       0x34 ./Drivers/STM32G4xx_HAL_Driver/Src/stm32g4xx_hal_rcc_ex.o
 .ARM.attributes
                0x00000000000003e7       0x34 ./Drivers/STM32G4xx_HAL_Driver/Src/stm32g4xx_hal_rtc.o
 .ARM.attributes
                0x000000000000041b       0x34 ./Drivers/STM32G4xx_HAL_Driver/Src/stm32g4xx_hal_tim.o
 .ARM.attributes
                0x000000000000044f       0x34 ./Drivers/STM32G4xx_HAL_Driver/Src/stm32g4xx_hal_tim_ex.o
 .ARM.attributes
                0x0000000000000483       0x34 ./Drivers/STM32G4xx_HAL_Driver/Src/stm32g4xx_ll_usb.o
 .ARM.attributes
                0x00000000000004b7       0x34 ./Middlewares/ST/STM32_USB_Device_Library/Class/CDC/Src/usbd_cdc.o
 .ARM.attributes
                0x00000000000004eb       0x34 ./Middlewares/ST/STM32_USB_Device_Library/Core/Src/usbd_core.o
 .ARM.attributes
                0x000000000000051f       0x34 ./Middlewares/ST/STM32_USB_Device_Library/Core/Src/usbd_ctlreq.o
 .ARM.attributes
                0x0000000000000553       0x34 ./Middlewares/ST/STM32_USB_Device_Library/Core/Src/usbd_ioreq.o
 .ARM.attributes
                0x0000000000000587       0x34 ./USB_Device/App/usb_device.o
 .ARM.attributes
                0x00000000000005bb       0x34 ./USB_Device/App/usbd_cdc_if.o
 .ARM.attributes
                0x00000000000005ef       0x34 ./USB_Device/App/usbd_desc.o
 .ARM.attributes
                0x0000000000000623       0x34 ./USB_Device/Target/usbd_conf.o
 .ARM.attributes
                0x0000000000000657       0x34 c:/st/stm32cubeide_1.10.1/stm32cubeide/plugins/com.st.stm32cube.ide.mcu.externaltools.gnu-tools-for-stm32.10.3-2021.10.win32_1.0.0.202111181127/tools/bin/../lib/gcc/arm-none-eabi/10.3.1/../../../../arm-none-eabi/lib/thumb/v7e-m+fp/hard\libc_nano.a(lib_a-init.o)
 .ARM.attributes
                0x000000000000068b       0x34 c:/st/stm32cubeide_1.10.1/stm32cubeide/plugins/com.st.stm32cube.ide.mcu.externaltools.gnu-tools-for-stm32.10.3-2021.10.win32_1.0.0.202111181127/tools/bin/../lib/gcc/arm-none-eabi/10.3.1/../../../../arm-none-eabi/lib/thumb/v7e-m+fp/hard\libc_nano.a(lib_a-memcpy-stub.o)
 .ARM.attributes
                0x00000000000006bf       0x34 c:/st/stm32cubeide_1.10.1/stm32cubeide/plugins/com.st.stm32cube.ide.mcu.externaltools.gnu-tools-for-stm32.10.3-2021.10.win32_1.0.0.202111181127/tools/bin/../lib/gcc/arm-none-eabi/10.3.1/../../../../arm-none-eabi/lib/thumb/v7e-m+fp/hard\libc_nano.a(lib_a-memset.o)
 .ARM.attributes
                0x00000000000006f3       0x1e c:/st/stm32cubeide_1.10.1/stm32cubeide/plugins/com.st.stm32cube.ide.mcu.externaltools.gnu-tools-for-stm32.10.3-2021.10.win32_1.0.0.202111181127/tools/bin/../lib/gcc/arm-none-eabi/10.3.1/thumb/v7e-m+fp/hard/crtn.o
OUTPUT(kivipallur_firmware_3.0.elf elf32-littlearm)
LOAD linker stubs
LOAD c:/st/stm32cubeide_1.10.1/stm32cubeide/plugins/com.st.stm32cube.ide.mcu.externaltools.gnu-tools-for-stm32.10.3-2021.10.win32_1.0.0.202111181127/tools/bin/../lib/gcc/arm-none-eabi/10.3.1/../../../../arm-none-eabi/lib/thumb/v7e-m+fp/hard\libc.a
LOAD c:/st/stm32cubeide_1.10.1/stm32cubeide/plugins/com.st.stm32cube.ide.mcu.externaltools.gnu-tools-for-stm32.10.3-2021.10.win32_1.0.0.202111181127/tools/bin/../lib/gcc/arm-none-eabi/10.3.1/../../../../arm-none-eabi/lib/thumb/v7e-m+fp/hard\libm.a
LOAD c:/st/stm32cubeide_1.10.1/stm32cubeide/plugins/com.st.stm32cube.ide.mcu.externaltools.gnu-tools-for-stm32.10.3-2021.10.win32_1.0.0.202111181127/tools/bin/../lib/gcc/arm-none-eabi/10.3.1/thumb/v7e-m+fp/hard\libgcc.a

.debug_info     0x0000000000000000    0x1df23
 .debug_info    0x0000000000000000     0x2546 ./Core/Src/main.o
 .debug_info    0x0000000000002546     0x1ca7 ./Core/Src/stm32g4xx_hal_msp.o
 .debug_info    0x00000000000041ed      0xe5c ./Core/Src/stm32g4xx_it.o
 .debug_info    0x0000000000005049      0x59f ./Core/Src/system_stm32g4xx.o
 .debug_info    0x00000000000055e8       0x22 ./Core/Startup/startup_stm32g441kbtx.o
 .debug_info    0x000000000000560a      0xae9 ./Drivers/STM32G4xx_HAL_Driver/Src/stm32g4xx_hal.o
 .debug_info    0x00000000000060f3     0x213e ./Drivers/STM32G4xx_HAL_Driver/Src/stm32g4xx_hal_adc.o
 .debug_info    0x0000000000008231     0x1e4b ./Drivers/STM32G4xx_HAL_Driver/Src/stm32g4xx_hal_adc_ex.o
 .debug_info    0x000000000000a07c      0xdca ./Drivers/STM32G4xx_HAL_Driver/Src/stm32g4xx_hal_cortex.o
 .debug_info    0x000000000000ae46      0x55b ./Drivers/STM32G4xx_HAL_Driver/Src/stm32g4xx_hal_crc.o
 .debug_info    0x000000000000b3a1      0x356 ./Drivers/STM32G4xx_HAL_Driver/Src/stm32g4xx_hal_crc_ex.o
 .debug_info    0x000000000000b6f7      0x8ee ./Drivers/STM32G4xx_HAL_Driver/Src/stm32g4xx_hal_dma.o
 .debug_info    0x000000000000bfe5      0x82f ./Drivers/STM32G4xx_HAL_Driver/Src/stm32g4xx_hal_gpio.o
 .debug_info    0x000000000000c814     0x16ac ./Drivers/STM32G4xx_HAL_Driver/Src/stm32g4xx_hal_pcd.o
 .debug_info    0x000000000000dec0      0x890 ./Drivers/STM32G4xx_HAL_Driver/Src/stm32g4xx_hal_pcd_ex.o
 .debug_info    0x000000000000e750      0x983 ./Drivers/STM32G4xx_HAL_Driver/Src/stm32g4xx_hal_pwr_ex.o
 .debug_info    0x000000000000f0d3      0xc53 ./Drivers/STM32G4xx_HAL_Driver/Src/stm32g4xx_hal_rcc.o
 .debug_info    0x000000000000fd26      0xcfe ./Drivers/STM32G4xx_HAL_Driver/Src/stm32g4xx_hal_rcc_ex.o
 .debug_info    0x0000000000010a24      0xe8a ./Drivers/STM32G4xx_HAL_Driver/Src/stm32g4xx_hal_rtc.o
 .debug_info    0x00000000000118ae     0x2e83 ./Drivers/STM32G4xx_HAL_Driver/Src/stm32g4xx_hal_tim.o
 .debug_info    0x0000000000014731     0x1eea ./Drivers/STM32G4xx_HAL_Driver/Src/stm32g4xx_hal_tim_ex.o
 .debug_info    0x000000000001661b     0x1675 ./Drivers/STM32G4xx_HAL_Driver/Src/stm32g4xx_ll_usb.o
 .debug_info    0x0000000000017c90     0x11c1 ./Middlewares/ST/STM32_USB_Device_Library/Class/CDC/Src/usbd_cdc.o
 .debug_info    0x0000000000018e51      0xbcd ./Middlewares/ST/STM32_USB_Device_Library/Core/Src/usbd_core.o
 .debug_info    0x0000000000019a1e      0xae0 ./Middlewares/ST/STM32_USB_Device_Library/Core/Src/usbd_ctlreq.o
 .debug_info    0x000000000001a4fe      0x78f ./Middlewares/ST/STM32_USB_Device_Library/Core/Src/usbd_ioreq.o
 .debug_info    0x000000000001ac8d      0x71f ./USB_Device/App/usb_device.o
 .debug_info    0x000000000001b3ac      0x93c ./USB_Device/App/usbd_cdc_if.o
 .debug_info    0x000000000001bce8      0x49b ./USB_Device/App/usbd_desc.o
 .debug_info    0x000000000001c183     0x1da0 ./USB_Device/Target/usbd_conf.o

.debug_abbrev   0x0000000000000000     0x4282
 .debug_abbrev  0x0000000000000000      0x368 ./Core/Src/main.o
 .debug_abbrev  0x0000000000000368      0x2a7 ./Core/Src/stm32g4xx_hal_msp.o
 .debug_abbrev  0x000000000000060f      0x1e6 ./Core/Src/stm32g4xx_it.o
 .debug_abbrev  0x00000000000007f5      0x116 ./Core/Src/system_stm32g4xx.o
 .debug_abbrev  0x000000000000090b       0x12 ./Core/Startup/startup_stm32g441kbtx.o
 .debug_abbrev  0x000000000000091d      0x269 ./Drivers/STM32G4xx_HAL_Driver/Src/stm32g4xx_hal.o
 .debug_abbrev  0x0000000000000b86      0x2bf ./Drivers/STM32G4xx_HAL_Driver/Src/stm32g4xx_hal_adc.o
 .debug_abbrev  0x0000000000000e45      0x2da ./Drivers/STM32G4xx_HAL_Driver/Src/stm32g4xx_hal_adc_ex.o
 .debug_abbrev  0x000000000000111f      0x30d ./Drivers/STM32G4xx_HAL_Driver/Src/stm32g4xx_hal_cortex.o
 .debug_abbrev  0x000000000000142c      0x1d8 ./Drivers/STM32G4xx_HAL_Driver/Src/stm32g4xx_hal_crc.o
 .debug_abbrev  0x0000000000001604      0x146 ./Drivers/STM32G4xx_HAL_Driver/Src/stm32g4xx_hal_crc_ex.o
 .debug_abbrev  0x000000000000174a      0x1d7 ./Drivers/STM32G4xx_HAL_Driver/Src/stm32g4xx_hal_dma.o
 .debug_abbrev  0x0000000000001921      0x1bb ./Drivers/STM32G4xx_HAL_Driver/Src/stm32g4xx_hal_gpio.o
 .debug_abbrev  0x0000000000001adc      0x2a4 ./Drivers/STM32G4xx_HAL_Driver/Src/stm32g4xx_hal_pcd.o
 .debug_abbrev  0x0000000000001d80      0x21d ./Drivers/STM32G4xx_HAL_Driver/Src/stm32g4xx_hal_pcd_ex.o
 .debug_abbrev  0x0000000000001f9d      0x229 ./Drivers/STM32G4xx_HAL_Driver/Src/stm32g4xx_hal_pwr_ex.o
 .debug_abbrev  0x00000000000021c6      0x2bd ./Drivers/STM32G4xx_HAL_Driver/Src/stm32g4xx_hal_rcc.o
 .debug_abbrev  0x0000000000002483      0x247 ./Drivers/STM32G4xx_HAL_Driver/Src/stm32g4xx_hal_rcc_ex.o
 .debug_abbrev  0x00000000000026ca      0x1ee ./Drivers/STM32G4xx_HAL_Driver/Src/stm32g4xx_hal_rtc.o
 .debug_abbrev  0x00000000000028b8      0x28e ./Drivers/STM32G4xx_HAL_Driver/Src/stm32g4xx_hal_tim.o
 .debug_abbrev  0x0000000000002b46      0x2ab ./Drivers/STM32G4xx_HAL_Driver/Src/stm32g4xx_hal_tim_ex.o
 .debug_abbrev  0x0000000000002df1      0x22f ./Drivers/STM32G4xx_HAL_Driver/Src/stm32g4xx_ll_usb.o
 .debug_abbrev  0x0000000000003020      0x2a6 ./Middlewares/ST/STM32_USB_Device_Library/Class/CDC/Src/usbd_cdc.o
 .debug_abbrev  0x00000000000032c6      0x23d ./Middlewares/ST/STM32_USB_Device_Library/Core/Src/usbd_core.o
 .debug_abbrev  0x0000000000003503      0x26d ./Middlewares/ST/STM32_USB_Device_Library/Core/Src/usbd_ctlreq.o
 .debug_abbrev  0x0000000000003770      0x19b ./Middlewares/ST/STM32_USB_Device_Library/Core/Src/usbd_ioreq.o
 .debug_abbrev  0x000000000000390b      0x19b ./USB_Device/App/usb_device.o
 .debug_abbrev  0x0000000000003aa6      0x2b6 ./USB_Device/App/usbd_cdc_if.o
 .debug_abbrev  0x0000000000003d5c      0x209 ./USB_Device/App/usbd_desc.o
 .debug_abbrev  0x0000000000003f65      0x31d ./USB_Device/Target/usbd_conf.o

.debug_aranges  0x0000000000000000     0x19c8
 .debug_aranges
                0x0000000000000000       0xd0 ./Core/Src/main.o
 .debug_aranges
                0x00000000000000d0       0x88 ./Core/Src/stm32g4xx_hal_msp.o
 .debug_aranges
                0x0000000000000158       0x80 ./Core/Src/stm32g4xx_it.o
 .debug_aranges
                0x00000000000001d8       0x28 ./Core/Src/system_stm32g4xx.o
 .debug_aranges
                0x0000000000000200       0x28 ./Core/Startup/startup_stm32g441kbtx.o
 .debug_aranges
                0x0000000000000228      0x130 ./Drivers/STM32G4xx_HAL_Driver/Src/stm32g4xx_hal.o
 .debug_aranges
                0x0000000000000358      0x248 ./Drivers/STM32G4xx_HAL_Driver/Src/stm32g4xx_hal_adc.o
 .debug_aranges
                0x00000000000005a0      0x1c0 ./Drivers/STM32G4xx_HAL_Driver/Src/stm32g4xx_hal_adc_ex.o
 .debug_aranges
                0x0000000000000760      0x118 ./Drivers/STM32G4xx_HAL_Driver/Src/stm32g4xx_hal_cortex.o
 .debug_aranges
                0x0000000000000878       0x60 ./Drivers/STM32G4xx_HAL_Driver/Src/stm32g4xx_hal_crc.o
 .debug_aranges
                0x00000000000008d8       0x30 ./Drivers/STM32G4xx_HAL_Driver/Src/stm32g4xx_hal_crc_ex.o
 .debug_aranges
                0x0000000000000908       0x90 ./Drivers/STM32G4xx_HAL_Driver/Src/stm32g4xx_hal_dma.o
 .debug_aranges
                0x0000000000000998       0x58 ./Drivers/STM32G4xx_HAL_Driver/Src/stm32g4xx_hal_gpio.o
 .debug_aranges
                0x00000000000009f0      0x130 ./Drivers/STM32G4xx_HAL_Driver/Src/stm32g4xx_hal_pcd.o
 .debug_aranges
                0x0000000000000b20       0x58 ./Drivers/STM32G4xx_HAL_Driver/Src/stm32g4xx_hal_pcd_ex.o
 .debug_aranges
                0x0000000000000b78      0x140 ./Drivers/STM32G4xx_HAL_Driver/Src/stm32g4xx_hal_pwr_ex.o
 .debug_aranges
                0x0000000000000cb8       0x98 ./Drivers/STM32G4xx_HAL_Driver/Src/stm32g4xx_hal_rcc.o
 .debug_aranges
                0x0000000000000d50       0xb0 ./Drivers/STM32G4xx_HAL_Driver/Src/stm32g4xx_hal_rcc_ex.o
 .debug_aranges
                0x0000000000000e00       0xe8 ./Drivers/STM32G4xx_HAL_Driver/Src/stm32g4xx_hal_rtc.o
 .debug_aranges
                0x0000000000000ee8      0x3e0 ./Drivers/STM32G4xx_HAL_Driver/Src/stm32g4xx_hal_tim.o
 .debug_aranges
                0x00000000000012c8      0x240 ./Drivers/STM32G4xx_HAL_Driver/Src/stm32g4xx_hal_tim_ex.o
 .debug_aranges
                0x0000000000001508       0xb0 ./Drivers/STM32G4xx_HAL_Driver/Src/stm32g4xx_ll_usb.o
 .debug_aranges
                0x00000000000015b8       0x90 ./Middlewares/ST/STM32_USB_Device_Library/Class/CDC/Src/usbd_cdc.o
 .debug_aranges
                0x0000000000001648       0xb8 ./Middlewares/ST/STM32_USB_Device_Library/Core/Src/usbd_core.o
 .debug_aranges
                0x0000000000001700       0x90 ./Middlewares/ST/STM32_USB_Device_Library/Core/Src/usbd_ctlreq.o
 .debug_aranges
                0x0000000000001790       0x50 ./Middlewares/ST/STM32_USB_Device_Library/Core/Src/usbd_ioreq.o
 .debug_aranges
                0x00000000000017e0       0x20 ./USB_Device/App/usb_device.o
 .debug_aranges
                0x0000000000001800       0x48 ./USB_Device/App/usbd_cdc_if.o
 .debug_aranges
                0x0000000000001848       0x60 ./USB_Device/App/usbd_desc.o
 .debug_aranges
                0x00000000000018a8      0x120 ./USB_Device/Target/usbd_conf.o

.debug_ranges   0x0000000000000000     0x17f0
 .debug_ranges  0x0000000000000000       0xc0 ./Core/Src/main.o
 .debug_ranges  0x00000000000000c0       0x78 ./Core/Src/stm32g4xx_hal_msp.o
 .debug_ranges  0x0000000000000138       0x70 ./Core/Src/stm32g4xx_it.o
 .debug_ranges  0x00000000000001a8       0x18 ./Core/Src/system_stm32g4xx.o
 .debug_ranges  0x00000000000001c0       0x20 ./Core/Startup/startup_stm32g441kbtx.o
 .debug_ranges  0x00000000000001e0      0x120 ./Drivers/STM32G4xx_HAL_Driver/Src/stm32g4xx_hal.o
 .debug_ranges  0x0000000000000300      0x238 ./Drivers/STM32G4xx_HAL_Driver/Src/stm32g4xx_hal_adc.o
 .debug_ranges  0x0000000000000538      0x1b0 ./Drivers/STM32G4xx_HAL_Driver/Src/stm32g4xx_hal_adc_ex.o
 .debug_ranges  0x00000000000006e8      0x108 ./Drivers/STM32G4xx_HAL_Driver/Src/stm32g4xx_hal_cortex.o
 .debug_ranges  0x00000000000007f0       0x50 ./Drivers/STM32G4xx_HAL_Driver/Src/stm32g4xx_hal_crc.o
 .debug_ranges  0x0000000000000840       0x20 ./Drivers/STM32G4xx_HAL_Driver/Src/stm32g4xx_hal_crc_ex.o
 .debug_ranges  0x0000000000000860       0x80 ./Drivers/STM32G4xx_HAL_Driver/Src/stm32g4xx_hal_dma.o
 .debug_ranges  0x00000000000008e0       0x48 ./Drivers/STM32G4xx_HAL_Driver/Src/stm32g4xx_hal_gpio.o
 .debug_ranges  0x0000000000000928      0x120 ./Drivers/STM32G4xx_HAL_Driver/Src/stm32g4xx_hal_pcd.o
 .debug_ranges  0x0000000000000a48       0x48 ./Drivers/STM32G4xx_HAL_Driver/Src/stm32g4xx_hal_pcd_ex.o
 .debug_ranges  0x0000000000000a90      0x130 ./Drivers/STM32G4xx_HAL_Driver/Src/stm32g4xx_hal_pwr_ex.o
 .debug_ranges  0x0000000000000bc0       0x88 ./Drivers/STM32G4xx_HAL_Driver/Src/stm32g4xx_hal_rcc.o
 .debug_ranges  0x0000000000000c48       0xa0 ./Drivers/STM32G4xx_HAL_Driver/Src/stm32g4xx_hal_rcc_ex.o
 .debug_ranges  0x0000000000000ce8       0xd8 ./Drivers/STM32G4xx_HAL_Driver/Src/stm32g4xx_hal_rtc.o
 .debug_ranges  0x0000000000000dc0      0x3d0 ./Drivers/STM32G4xx_HAL_Driver/Src/stm32g4xx_hal_tim.o
 .debug_ranges  0x0000000000001190      0x230 ./Drivers/STM32G4xx_HAL_Driver/Src/stm32g4xx_hal_tim_ex.o
 .debug_ranges  0x00000000000013c0       0xa0 ./Drivers/STM32G4xx_HAL_Driver/Src/stm32g4xx_ll_usb.o
 .debug_ranges  0x0000000000001460       0x80 ./Middlewares/ST/STM32_USB_Device_Library/Class/CDC/Src/usbd_cdc.o
 .debug_ranges  0x00000000000014e0       0xa8 ./Middlewares/ST/STM32_USB_Device_Library/Core/Src/usbd_core.o
 .debug_ranges  0x0000000000001588       0x80 ./Middlewares/ST/STM32_USB_Device_Library/Core/Src/usbd_ctlreq.o
 .debug_ranges  0x0000000000001608       0x40 ./Middlewares/ST/STM32_USB_Device_Library/Core/Src/usbd_ioreq.o
 .debug_ranges  0x0000000000001648       0x10 ./USB_Device/App/usb_device.o
 .debug_ranges  0x0000000000001658       0x38 ./USB_Device/App/usbd_cdc_if.o
 .debug_ranges  0x0000000000001690       0x50 ./USB_Device/App/usbd_desc.o
 .debug_ranges  0x00000000000016e0      0x110 ./USB_Device/Target/usbd_conf.o

.debug_macro    0x0000000000000000    0x24744
 .debug_macro   0x0000000000000000      0x472 ./Core/Src/main.o
 .debug_macro   0x0000000000000472      0xa78 ./Core/Src/main.o
 .debug_macro   0x0000000000000eea      0x16d ./Core/Src/main.o
 .debug_macro   0x0000000000001057       0x2e ./Core/Src/main.o
 .debug_macro   0x0000000000001085       0x28 ./Core/Src/main.o
 .debug_macro   0x00000000000010ad       0x22 ./Core/Src/main.o
 .debug_macro   0x00000000000010cf       0x8e ./Core/Src/main.o
 .debug_macro   0x000000000000115d       0x51 ./Core/Src/main.o
 .debug_macro   0x00000000000011ae      0x103 ./Core/Src/main.o
 .debug_macro   0x00000000000012b1       0x6a ./Core/Src/main.o
 .debug_macro   0x000000000000131b      0x1df ./Core/Src/main.o
 .debug_macro   0x00000000000014fa       0x1c ./Core/Src/main.o
 .debug_macro   0x0000000000001516       0x22 ./Core/Src/main.o
 .debug_macro   0x0000000000001538       0xfb ./Core/Src/main.o
 .debug_macro   0x0000000000001633     0x1011 ./Core/Src/main.o
 .debug_macro   0x0000000000002644      0x11f ./Core/Src/main.o
 .debug_macro   0x0000000000002763    0x11778 ./Core/Src/main.o
 .debug_macro   0x0000000000013edb       0x6d ./Core/Src/main.o
 .debug_macro   0x0000000000013f48     0x3554 ./Core/Src/main.o
 .debug_macro   0x000000000001749c      0x174 ./Core/Src/main.o
 .debug_macro   0x0000000000017610       0x5c ./Core/Src/main.o
 .debug_macro   0x000000000001766c     0x1463 ./Core/Src/main.o
 .debug_macro   0x0000000000018acf      0x535 ./Core/Src/main.o
 .debug_macro   0x0000000000019004      0x1b6 ./Core/Src/main.o
 .debug_macro   0x00000000000191ba      0x288 ./Core/Src/main.o
 .debug_macro   0x0000000000019442      0x41d ./Core/Src/main.o
 .debug_macro   0x000000000001985f      0x18b ./Core/Src/main.o
 .debug_macro   0x00000000000199ea       0x43 ./Core/Src/main.o
 .debug_macro   0x0000000000019a2d      0x23d ./Core/Src/main.o
 .debug_macro   0x0000000000019c6a     0x10fd ./Core/Src/main.o
 .debug_macro   0x000000000001ad67      0x72e ./Core/Src/main.o
 .debug_macro   0x000000000001b495      0x391 ./Core/Src/main.o
 .debug_macro   0x000000000001b826       0xc7 ./Core/Src/main.o
 .debug_macro   0x000000000001b8ed       0x4c ./Core/Src/main.o
 .debug_macro   0x000000000001b939      0x211 ./Core/Src/main.o
 .debug_macro   0x000000000001bb4a      0x401 ./Core/Src/main.o
 .debug_macro   0x000000000001bf4b      0x107 ./Core/Src/main.o
 .debug_macro   0x000000000001c052       0x6c ./Core/Src/main.o
 .debug_macro   0x000000000001c0be      0x234 ./Core/Src/main.o
 .debug_macro   0x000000000001c2f2      0x122 ./Core/Src/main.o
 .debug_macro   0x000000000001c414      0x3d1 ./Core/Src/main.o
 .debug_macro   0x000000000001c7e5      0x360 ./Core/Src/main.o
 .debug_macro   0x000000000001cb45      0x543 ./Core/Src/main.o
 .debug_macro   0x000000000001d088       0xdd ./Core/Src/main.o
 .debug_macro   0x000000000001d165      0xbbe ./Core/Src/main.o
 .debug_macro   0x000000000001dd23      0x47e ./Core/Src/main.o
 .debug_macro   0x000000000001e1a1      0x306 ./Core/Src/main.o
 .debug_macro   0x000000000001e4a7      0x106 ./Core/Src/main.o
 .debug_macro   0x000000000001e5ad       0x52 ./Core/Src/main.o
 .debug_macro   0x000000000001e5ff       0x1e ./Core/Src/main.o
 .debug_macro   0x000000000001e61d       0x3c ./Core/Src/main.o
 .debug_macro   0x000000000001e659       0x34 ./Core/Src/main.o
 .debug_macro   0x000000000001e68d       0x16 ./Core/Src/main.o
 .debug_macro   0x000000000001e6a3       0x35 ./Core/Src/main.o
 .debug_macro   0x000000000001e6d8      0x341 ./Core/Src/main.o
 .debug_macro   0x000000000001ea19       0x10 ./Core/Src/main.o
 .debug_macro   0x000000000001ea29       0x16 ./Core/Src/main.o
 .debug_macro   0x000000000001ea3f       0x43 ./Core/Src/main.o
 .debug_macro   0x000000000001ea82       0x34 ./Core/Src/main.o
 .debug_macro   0x000000000001eab6       0x10 ./Core/Src/main.o
 .debug_macro   0x000000000001eac6       0x58 ./Core/Src/main.o
 .debug_macro   0x000000000001eb1e       0x71 ./Core/Src/main.o
 .debug_macro   0x000000000001eb8f       0x1c ./Core/Src/main.o
 .debug_macro   0x000000000001ebab      0x12a ./Core/Src/main.o
 .debug_macro   0x000000000001ecd5       0x10 ./Core/Src/main.o
 .debug_macro   0x000000000001ece5       0x1c ./Core/Src/main.o
 .debug_macro   0x000000000001ed01       0x52 ./Core/Src/main.o
 .debug_macro   0x000000000001ed53       0x22 ./Core/Src/main.o
 .debug_macro   0x000000000001ed75       0x10 ./Core/Src/main.o
 .debug_macro   0x000000000001ed85       0x52 ./Core/Src/main.o
 .debug_macro   0x000000000001edd7       0xd5 ./Core/Src/main.o
 .debug_macro   0x000000000001eeac       0x1c ./Core/Src/main.o
 .debug_macro   0x000000000001eec8       0x3d ./Core/Src/main.o
 .debug_macro   0x000000000001ef05       0x16 ./Core/Src/main.o
 .debug_macro   0x000000000001ef1b      0x145 ./Core/Src/main.o
 .debug_macro   0x000000000001f060       0x16 ./Core/Src/main.o
 .debug_macro   0x000000000001f076       0x16 ./Core/Src/main.o
 .debug_macro   0x000000000001f08c       0x29 ./Core/Src/main.o
 .debug_macro   0x000000000001f0b5       0x16 ./Core/Src/main.o
 .debug_macro   0x000000000001f0cb       0x20 ./Core/Src/main.o
 .debug_macro   0x000000000001f0eb       0x5f ./Core/Src/main.o
 .debug_macro   0x000000000001f14a      0x1ef ./Core/Src/main.o
 .debug_macro   0x000000000001f339       0x95 ./Core/Src/main.o
 .debug_macro   0x000000000001f3ce       0x10 ./Core/Src/main.o
 .debug_macro   0x000000000001f3de      0x23d ./Core/Src/stm32g4xx_hal_msp.o
 .debug_macro   0x000000000001f61b      0x247 ./Core/Src/stm32g4xx_it.o
 .debug_macro   0x000000000001f862      0x22e ./Core/Src/system_stm32g4xx.o
 .debug_macro   0x000000000001fa90      0x27c ./Drivers/STM32G4xx_HAL_Driver/Src/stm32g4xx_hal.o
 .debug_macro   0x000000000001fd0c      0x24b ./Drivers/STM32G4xx_HAL_Driver/Src/stm32g4xx_hal_adc.o
 .debug_macro   0x000000000001ff57      0x23a ./Drivers/STM32G4xx_HAL_Driver/Src/stm32g4xx_hal_adc_ex.o
 .debug_macro   0x0000000000020191      0x22e ./Drivers/STM32G4xx_HAL_Driver/Src/stm32g4xx_hal_cortex.o
 .debug_macro   0x00000000000203bf      0x22e ./Drivers/STM32G4xx_HAL_Driver/Src/stm32g4xx_hal_crc.o