../Core/Src/main.c:130:10:map	32	static
../Core/Src/main.c:134:7:f_map	24	static
../Core/Src/main.c:138:6:generate_feedback	4	static
../Core/Src/main.c:146:6:init_pwm	8	static
../Core/Src/main.c:175:6:set_pid_constants	4	static
../Core/Src/main.c:189:6:wake_drivers_up	16	static,ignoring_inline_asm
../Core/Src/main.c:197:6:start_encoders	8	static
../Core/Src/main.c:204:6:arm_thrower	8	static
../Core/Src/main.c:212:6:update_motor_status	32	static
../Core/Src/main.c:231:9:calc_pwm	32	static
../Core/Src/main.c:268:6:HAL_TIM_PeriodElapsedCallback	16	static
../Core/Src/main.c:292:6:HAL_GPIO_EXTI_Callback	16	static
../Core/Src/main.c:305:5:main	8	static
../Core/Src/main.c:383:6:SystemClock_Config	88	static
../Core/Src/main.c:431:13:MX_TIM1_Init	120	static
../Core/Src/main.c:518:13:MX_TIM2_Init	64	static
../Core/Src/main.c:590:13:MX_TIM3_Init	56	static
../Core/Src/main.c:639:13:MX_TIM4_Init	56	static
../Core/Src/main.c:688:13:MX_TIM6_Init	24	static
../Core/Src/main.c:726:13:MX_TIM8_Init	56	static
../Core/Src/main.c:777:13:MX_TIM15_Init	104	static
../Core/Src/main.c:985:13:MX_DMA_Init	16	static
../Core/Src/main.c:1004:13:MX_GPIO_Init	40	static
../Core/Src/main.c:1063:6:Error_Handler	4	static,ignoring_inline_asm
